Archive member included to satisfy reference by file (symbol)

/home/fabiop/RISCV/FreedomStudio/SiFive/riscv64-unknown-elf-gcc-20170503-x86_64-pc-linux-gnu/bin/../lib/gcc/riscv64-unknown-elf/7.0.1/../../../../riscv64-unknown-elf/lib/rv32imac/ilp32/libc.a(lib_a-atexit.o)
                              ./bsp/env/start.o (atexit)
/home/fabiop/RISCV/FreedomStudio/SiFive/riscv64-unknown-elf-gcc-20170503-x86_64-pc-linux-gnu/bin/../lib/gcc/riscv64-unknown-elf/7.0.1/../../../../riscv64-unknown-elf/lib/rv32imac/ilp32/libc.a(lib_a-exit.o)
                              ./bsp/env/start.o (exit)
/home/fabiop/RISCV/FreedomStudio/SiFive/riscv64-unknown-elf-gcc-20170503-x86_64-pc-linux-gnu/bin/../lib/gcc/riscv64-unknown-elf/7.0.1/../../../../riscv64-unknown-elf/lib/rv32imac/ilp32/libc.a(lib_a-fini.o)
                              ./bsp/env/start.o (__libc_fini_array)
/home/fabiop/RISCV/FreedomStudio/SiFive/riscv64-unknown-elf-gcc-20170503-x86_64-pc-linux-gnu/bin/../lib/gcc/riscv64-unknown-elf/7.0.1/../../../../riscv64-unknown-elf/lib/rv32imac/ilp32/libc.a(lib_a-impure.o)
                              /home/fabiop/RISCV/FreedomStudio/SiFive/riscv64-unknown-elf-gcc-20170503-x86_64-pc-linux-gnu/bin/../lib/gcc/riscv64-unknown-elf/7.0.1/../../../../riscv64-unknown-elf/lib/rv32imac/ilp32/libc.a(lib_a-exit.o) (_global_impure_ptr)
/home/fabiop/RISCV/FreedomStudio/SiFive/riscv64-unknown-elf-gcc-20170503-x86_64-pc-linux-gnu/bin/../lib/gcc/riscv64-unknown-elf/7.0.1/../../../../riscv64-unknown-elf/lib/rv32imac/ilp32/libc.a(lib_a-init.o)
                              ./bsp/env/start.o (__libc_init_array)
/home/fabiop/RISCV/FreedomStudio/SiFive/riscv64-unknown-elf-gcc-20170503-x86_64-pc-linux-gnu/bin/../lib/gcc/riscv64-unknown-elf/7.0.1/../../../../riscv64-unknown-elf/lib/rv32imac/ilp32/libc.a(lib_a-__atexit.o)
                              /home/fabiop/RISCV/FreedomStudio/SiFive/riscv64-unknown-elf-gcc-20170503-x86_64-pc-linux-gnu/bin/../lib/gcc/riscv64-unknown-elf/7.0.1/../../../../riscv64-unknown-elf/lib/rv32imac/ilp32/libc.a(lib_a-atexit.o) (__register_exitproc)
/home/fabiop/RISCV/FreedomStudio/SiFive/riscv64-unknown-elf-gcc-20170503-x86_64-pc-linux-gnu/bin/../lib/gcc/riscv64-unknown-elf/7.0.1/../../../../riscv64-unknown-elf/lib/rv32imac/ilp32/libc.a(lib_a-__call_atexit.o)
                              /home/fabiop/RISCV/FreedomStudio/SiFive/riscv64-unknown-elf-gcc-20170503-x86_64-pc-linux-gnu/bin/../lib/gcc/riscv64-unknown-elf/7.0.1/../../../../riscv64-unknown-elf/lib/rv32imac/ilp32/libc.a(lib_a-exit.o) (__call_exitprocs)
..//libwrap-hifive1.a(_exit.o)
                              ./bsp/env/freedom-e300-hifive1/init.o (__wrap__exit)
..//libwrap-hifive1.a(write.o)
                              ./bsp/env/freedom-e300-hifive1/init.o (__wrap_write)
..//libwrap-hifive1.a(write_hex.o)
                              ..//libwrap-hifive1.a(_exit.o) (write_hex)
..//libwrap-hifive1.a(isatty.o)
                              ..//libwrap-hifive1.a(write.o) (__wrap_isatty)
/home/fabiop/RISCV/FreedomStudio/SiFive/riscv64-unknown-elf-gcc-20170503-x86_64-pc-linux-gnu/bin/../lib/gcc/riscv64-unknown-elf/7.0.1/rv32imac/ilp32/libgcc.a(_divdi3.o)
                              ./bsp/drivers/fe300prci/fe300prci_driver.o (__divdi3)
/home/fabiop/RISCV/FreedomStudio/SiFive/riscv64-unknown-elf-gcc-20170503-x86_64-pc-linux-gnu/bin/../lib/gcc/riscv64-unknown-elf/7.0.1/rv32imac/ilp32/libgcc.a(_udivdi3.o)
                              ./bsp/drivers/fe300prci/fe300prci_driver.o (__udivdi3)
/home/fabiop/RISCV/FreedomStudio/SiFive/riscv64-unknown-elf-gcc-20170503-x86_64-pc-linux-gnu/bin/../lib/gcc/riscv64-unknown-elf/7.0.1/rv32imac/ilp32/libgcc.a(_clz.o)
                              /home/fabiop/RISCV/FreedomStudio/SiFive/riscv64-unknown-elf-gcc-20170503-x86_64-pc-linux-gnu/bin/../lib/gcc/riscv64-unknown-elf/7.0.1/rv32imac/ilp32/libgcc.a(_divdi3.o) (__clz_tab)
/home/fabiop/RISCV/FreedomStudio/SiFive/riscv64-unknown-elf-gcc-20170503-x86_64-pc-linux-gnu/bin/../lib/gcc/riscv64-unknown-elf/7.0.1/../../../../riscv64-unknown-elf/lib/rv32imac/ilp32/libc.a(lib_a-memcpy.o)
                              ..//libwrap-hifive1.a(_exit.o) (memcpy)

Allocating common symbols
Common symbol       size              file

g_ext_interrupt_handlers
                    0xd0              ./pwmLedBlinker.o
g_plic              0xc               ./pwmLedBlinker.o

Discarded input sections

 .group         0x0000000000000000        0x8 ./bsp/env/freedom-e300-hifive1/init.o
 .group         0x0000000000000000        0x8 ./bsp/env/freedom-e300-hifive1/init.o
 .group         0x0000000000000000        0x8 ./bsp/env/freedom-e300-hifive1/init.o
 .group         0x0000000000000000        0x8 ./bsp/env/freedom-e300-hifive1/init.o
 .group         0x0000000000000000        0x8 ./bsp/env/freedom-e300-hifive1/init.o
 .group         0x0000000000000000        0x8 ./bsp/env/freedom-e300-hifive1/init.o
 .group         0x0000000000000000        0x8 ./bsp/env/freedom-e300-hifive1/init.o
 .group         0x0000000000000000        0x8 ./bsp/env/freedom-e300-hifive1/init.o
 .group         0x0000000000000000        0x8 ./bsp/env/freedom-e300-hifive1/init.o
 .group         0x0000000000000000        0x8 ./bsp/env/freedom-e300-hifive1/init.o
 .group         0x0000000000000000        0x8 ./bsp/env/freedom-e300-hifive1/init.o
 .group         0x0000000000000000        0x8 ./bsp/env/freedom-e300-hifive1/init.o
 .group         0x0000000000000000        0x8 ./bsp/env/freedom-e300-hifive1/init.o
 .group         0x0000000000000000        0x8 ./bsp/env/freedom-e300-hifive1/init.o
 .group         0x0000000000000000        0x8 ./bsp/env/freedom-e300-hifive1/init.o
 .group         0x0000000000000000        0x8 ./bsp/env/freedom-e300-hifive1/init.o
 .group         0x0000000000000000        0x8 ./bsp/env/freedom-e300-hifive1/init.o
 .group         0x0000000000000000        0x8 ./bsp/env/freedom-e300-hifive1/init.o
 .group         0x0000000000000000        0x8 ./bsp/env/freedom-e300-hifive1/init.o
 .group         0x0000000000000000        0x8 ./bsp/env/freedom-e300-hifive1/init.o
 .group         0x0000000000000000        0x8 ./bsp/env/freedom-e300-hifive1/init.o
 .group         0x0000000000000000        0x8 ./bsp/env/freedom-e300-hifive1/init.o
 .group         0x0000000000000000        0x8 ./bsp/env/freedom-e300-hifive1/init.o
 .group         0x0000000000000000        0x8 ./bsp/env/freedom-e300-hifive1/init.o
 .group         0x0000000000000000        0x8 ./bsp/env/freedom-e300-hifive1/init.o
 .group         0x0000000000000000        0x8 ./bsp/env/freedom-e300-hifive1/init.o
 .group         0x0000000000000000        0x8 ./bsp/env/freedom-e300-hifive1/init.o
 .group         0x0000000000000000        0x8 ./bsp/env/freedom-e300-hifive1/init.o
 .group         0x0000000000000000        0x8 ./bsp/env/freedom-e300-hifive1/init.o
 .group         0x0000000000000000        0x8 ./bsp/env/freedom-e300-hifive1/init.o
 .group         0x0000000000000000        0x8 ./bsp/env/freedom-e300-hifive1/init.o
 .group         0x0000000000000000        0x8 ./bsp/env/freedom-e300-hifive1/init.o
 .group         0x0000000000000000        0x8 ./bsp/env/freedom-e300-hifive1/init.o
 .group         0x0000000000000000        0x8 ./bsp/env/freedom-e300-hifive1/init.o
 .group         0x0000000000000000        0x8 ./bsp/env/freedom-e300-hifive1/init.o
 .group         0x0000000000000000        0x8 ./bsp/env/freedom-e300-hifive1/init.o
 .group         0x0000000000000000        0x8 ./bsp/env/freedom-e300-hifive1/init.o
 .group         0x0000000000000000        0x8 ./bsp/env/freedom-e300-hifive1/init.o
 .group         0x0000000000000000        0x8 ./bsp/env/freedom-e300-hifive1/init.o
 .group         0x0000000000000000        0x8 ./bsp/env/freedom-e300-hifive1/init.o
 .group         0x0000000000000000        0x8 ./bsp/env/freedom-e300-hifive1/init.o
 .group         0x0000000000000000        0x8 ./bsp/env/freedom-e300-hifive1/init.o
 .text          0x0000000000000000        0x0 ./bsp/env/freedom-e300-hifive1/init.o
 .data          0x0000000000000000        0x0 ./bsp/env/freedom-e300-hifive1/init.o
 .bss           0x0000000000000000        0x0 ./bsp/env/freedom-e300-hifive1/init.o
 .text.get_timer_value
                0x0000000000000000        0xc ./bsp/env/freedom-e300-hifive1/init.o
 .text.get_timer_freq
                0x0000000000000000        0x4 ./bsp/env/freedom-e300-hifive1/init.o
 .text.get_cpu_freq
                0x0000000000000000       0x30 ./bsp/env/freedom-e300-hifive1/init.o
 .text          0x0000000000000000        0x0 ./bsp/env/entry.o
 .data          0x0000000000000000        0x0 ./bsp/env/entry.o
 .bss           0x0000000000000000        0x0 ./bsp/env/entry.o
 .text          0x0000000000000000        0x0 ./bsp/env/start.o
 .data          0x0000000000000000        0x0 ./bsp/env/start.o
 .bss           0x0000000000000000        0x0 ./bsp/env/start.o
 .group         0x0000000000000000        0x8 ./bsp/drivers/plic/plic_driver.o
 .group         0x0000000000000000        0x8 ./bsp/drivers/plic/plic_driver.o
 .group         0x0000000000000000        0x8 ./bsp/drivers/plic/plic_driver.o
 .group         0x0000000000000000        0x8 ./bsp/drivers/plic/plic_driver.o
 .group         0x0000000000000000        0x8 ./bsp/drivers/plic/plic_driver.o
 .group         0x0000000000000000        0x8 ./bsp/drivers/plic/plic_driver.o
 .group         0x0000000000000000        0x8 ./bsp/drivers/plic/plic_driver.o
 .group         0x0000000000000000        0x8 ./bsp/drivers/plic/plic_driver.o
 .group         0x0000000000000000        0x8 ./bsp/drivers/plic/plic_driver.o
 .group         0x0000000000000000        0x8 ./bsp/drivers/plic/plic_driver.o
 .group         0x0000000000000000        0x8 ./bsp/drivers/plic/plic_driver.o
 .group         0x0000000000000000        0x8 ./bsp/drivers/plic/plic_driver.o
 .group         0x0000000000000000        0x8 ./bsp/drivers/plic/plic_driver.o
 .group         0x0000000000000000        0x8 ./bsp/drivers/plic/plic_driver.o
 .group         0x0000000000000000        0x8 ./bsp/drivers/plic/plic_driver.o
 .group         0x0000000000000000        0x8 ./bsp/drivers/plic/plic_driver.o
 .group         0x0000000000000000        0x8 ./bsp/drivers/plic/plic_driver.o
 .group         0x0000000000000000        0x8 ./bsp/drivers/plic/plic_driver.o
 .group         0x0000000000000000        0x8 ./bsp/drivers/plic/plic_driver.o
 .group         0x0000000000000000        0x8 ./bsp/drivers/plic/plic_driver.o
 .group         0x0000000000000000        0x8 ./bsp/drivers/plic/plic_driver.o
 .group         0x0000000000000000        0x8 ./bsp/drivers/plic/plic_driver.o
 .group         0x0000000000000000        0x8 ./bsp/drivers/plic/plic_driver.o
 .group         0x0000000000000000        0x8 ./bsp/drivers/plic/plic_driver.o
 .group         0x0000000000000000        0x8 ./bsp/drivers/plic/plic_driver.o
 .group         0x0000000000000000        0x8 ./bsp/drivers/plic/plic_driver.o
 .group         0x0000000000000000        0x8 ./bsp/drivers/plic/plic_driver.o
 .group         0x0000000000000000        0x8 ./bsp/drivers/plic/plic_driver.o
 .group         0x0000000000000000        0x8 ./bsp/drivers/plic/plic_driver.o
 .group         0x0000000000000000        0x8 ./bsp/drivers/plic/plic_driver.o
 .group         0x0000000000000000        0x8 ./bsp/drivers/plic/plic_driver.o
 .group         0x0000000000000000        0x8 ./bsp/drivers/plic/plic_driver.o
 .group         0x0000000000000000        0x8 ./bsp/drivers/plic/plic_driver.o
 .text          0x0000000000000000        0x0 ./bsp/drivers/plic/plic_driver.o
 .data          0x0000000000000000        0x0 ./bsp/drivers/plic/plic_driver.o
 .bss           0x0000000000000000        0x0 ./bsp/drivers/plic/plic_driver.o
 .text.volatile_memzero
                0x0000000000000000       0x12 ./bsp/drivers/plic/plic_driver.o
 .text.PLIC_set_threshold
                0x0000000000000000       0x14 ./bsp/drivers/plic/plic_driver.o
 .text.PLIC_disable_interrupt
                0x0000000000000000       0x2c ./bsp/drivers/plic/plic_driver.o
 .debug_macro   0x0000000000000000      0x760 ./bsp/drivers/plic/plic_driver.o
 .debug_macro   0x0000000000000000       0x22 ./bsp/drivers/plic/plic_driver.o
 .debug_macro   0x0000000000000000       0x87 ./bsp/drivers/plic/plic_driver.o
 .debug_macro   0x0000000000000000       0x44 ./bsp/drivers/plic/plic_driver.o
 .debug_macro   0x0000000000000000      0x174 ./bsp/drivers/plic/plic_driver.o
 .debug_macro   0x0000000000000000      0x30d ./bsp/drivers/plic/plic_driver.o
 .debug_macro   0x0000000000000000       0x22 ./bsp/drivers/plic/plic_driver.o
 .debug_macro   0x0000000000000000       0x16 ./bsp/drivers/plic/plic_driver.o
 .debug_macro   0x0000000000000000      0x1a2 ./bsp/drivers/plic/plic_driver.o
 .debug_macro   0x0000000000000000       0x2e ./bsp/drivers/plic/plic_driver.o
 .debug_macro   0x0000000000000000       0x70 ./bsp/drivers/plic/plic_driver.o
 .debug_macro   0x0000000000000000       0x5e ./bsp/drivers/plic/plic_driver.o
 .debug_macro   0x0000000000000000       0xe2 ./bsp/drivers/plic/plic_driver.o
 .debug_macro   0x0000000000000000       0xa0 ./bsp/drivers/plic/plic_driver.o
 .debug_macro   0x0000000000000000      0x130 ./bsp/drivers/plic/plic_driver.o
 .debug_macro   0x0000000000000000       0x58 ./bsp/drivers/plic/plic_driver.o
 .debug_macro   0x0000000000000000       0xfd ./bsp/drivers/plic/plic_driver.o
 .debug_macro   0x0000000000000000       0x22 ./bsp/drivers/plic/plic_driver.o
 .debug_macro   0x0000000000000000      0x1df ./bsp/drivers/plic/plic_driver.o
 .debug_macro   0x0000000000000000       0xd0 ./bsp/drivers/plic/plic_driver.o
 .debug_macro   0x0000000000000000     0x1584 ./bsp/drivers/plic/plic_driver.o
 .debug_macro   0x0000000000000000       0x4c ./bsp/drivers/plic/plic_driver.o
 .debug_macro   0x0000000000000000       0x34 ./bsp/drivers/plic/plic_driver.o
 .debug_macro   0x0000000000000000       0x9c ./bsp/drivers/plic/plic_driver.o
 .debug_macro   0x0000000000000000       0x40 ./bsp/drivers/plic/plic_driver.o
 .debug_macro   0x0000000000000000       0x52 ./bsp/drivers/plic/plic_driver.o
 .debug_macro   0x0000000000000000       0x43 ./bsp/drivers/plic/plic_driver.o
 .debug_macro   0x0000000000000000      0x187 ./bsp/drivers/plic/plic_driver.o
 .debug_macro   0x0000000000000000       0x35 ./bsp/drivers/plic/plic_driver.o
 .group         0x0000000000000000        0x8 ./bsp/drivers/fe300prci/fe300prci_driver.o
 .group         0x0000000000000000        0x8 ./bsp/drivers/fe300prci/fe300prci_driver.o
 .group         0x0000000000000000        0x8 ./bsp/drivers/fe300prci/fe300prci_driver.o
 .group         0x0000000000000000        0x8 ./bsp/drivers/fe300prci/fe300prci_driver.o
 .group         0x0000000000000000        0x8 ./bsp/drivers/fe300prci/fe300prci_driver.o
 .group         0x0000000000000000        0x8 ./bsp/drivers/fe300prci/fe300prci_driver.o
 .group         0x0000000000000000        0x8 ./bsp/drivers/fe300prci/fe300prci_driver.o
 .group         0x0000000000000000        0x8 ./bsp/drivers/fe300prci/fe300prci_driver.o
 .group         0x0000000000000000        0x8 ./bsp/drivers/fe300prci/fe300prci_driver.o
 .group         0x0000000000000000        0x8 ./bsp/drivers/fe300prci/fe300prci_driver.o
 .group         0x0000000000000000        0x8 ./bsp/drivers/fe300prci/fe300prci_driver.o
 .group         0x0000000000000000        0x8 ./bsp/drivers/fe300prci/fe300prci_driver.o
 .group         0x0000000000000000        0x8 ./bsp/drivers/fe300prci/fe300prci_driver.o
 .group         0x0000000000000000        0x8 ./bsp/drivers/fe300prci/fe300prci_driver.o
 .group         0x0000000000000000        0x8 ./bsp/drivers/fe300prci/fe300prci_driver.o
 .group         0x0000000000000000        0x8 ./bsp/drivers/fe300prci/fe300prci_driver.o
 .group         0x0000000000000000        0x8 ./bsp/drivers/fe300prci/fe300prci_driver.o
 .group         0x0000000000000000        0x8 ./bsp/drivers/fe300prci/fe300prci_driver.o
 .group         0x0000000000000000        0x8 ./bsp/drivers/fe300prci/fe300prci_driver.o
 .group         0x0000000000000000        0x8 ./bsp/drivers/fe300prci/fe300prci_driver.o
 .group         0x0000000000000000        0x8 ./bsp/drivers/fe300prci/fe300prci_driver.o
 .group         0x0000000000000000        0x8 ./bsp/drivers/fe300prci/fe300prci_driver.o
 .group         0x0000000000000000        0x8 ./bsp/drivers/fe300prci/fe300prci_driver.o
 .group         0x0000000000000000        0x8 ./bsp/drivers/fe300prci/fe300prci_driver.o
 .group         0x0000000000000000        0x8 ./bsp/drivers/fe300prci/fe300prci_driver.o
 .group         0x0000000000000000        0x8 ./bsp/drivers/fe300prci/fe300prci_driver.o
 .group         0x0000000000000000        0x8 ./bsp/drivers/fe300prci/fe300prci_driver.o
 .group         0x0000000000000000        0x8 ./bsp/drivers/fe300prci/fe300prci_driver.o
 .group         0x0000000000000000        0x8 ./bsp/drivers/fe300prci/fe300prci_driver.o
 .group         0x0000000000000000        0x8 ./bsp/drivers/fe300prci/fe300prci_driver.o
 .group         0x0000000000000000        0x8 ./bsp/drivers/fe300prci/fe300prci_driver.o
 .group         0x0000000000000000        0x8 ./bsp/drivers/fe300prci/fe300prci_driver.o
 .group         0x0000000000000000        0x8 ./bsp/drivers/fe300prci/fe300prci_driver.o
 .group         0x0000000000000000        0x8 ./bsp/drivers/fe300prci/fe300prci_driver.o
 .group         0x0000000000000000        0x8 ./bsp/drivers/fe300prci/fe300prci_driver.o
 .group         0x0000000000000000        0x8 ./bsp/drivers/fe300prci/fe300prci_driver.o
 .text          0x0000000000000000        0x0 ./bsp/drivers/fe300prci/fe300prci_driver.o
 .data          0x0000000000000000        0x0 ./bsp/drivers/fe300prci/fe300prci_driver.o
 .bss           0x0000000000000000        0x0 ./bsp/drivers/fe300prci/fe300prci_driver.o
 .text.PRCI_measure_mcycle_freq
                0x0000000000000000       0x7e ./bsp/drivers/fe300prci/fe300prci_driver.o
 .text.PRCI_use_hfrosc
                0x0000000000000000       0x30 ./bsp/drivers/fe300prci/fe300prci_driver.o
 .text.PRCI_use_default_clocks
                0x0000000000000000       0x2e ./bsp/drivers/fe300prci/fe300prci_driver.o
 .text.PRCI_use_hfxosc
                0x0000000000000000       0x50 ./bsp/drivers/fe300prci/fe300prci_driver.o
 .text.PRCI_set_hfrosctrim_for_f_cpu
                0x0000000000000000      0x66a ./bsp/drivers/fe300prci/fe300prci_driver.o
 .debug_macro   0x0000000000000000      0x760 ./bsp/drivers/fe300prci/fe300prci_driver.o
 .debug_macro   0x0000000000000000       0x22 ./bsp/drivers/fe300prci/fe300prci_driver.o
 .debug_macro   0x0000000000000000       0x87 ./bsp/drivers/fe300prci/fe300prci_driver.o
 .debug_macro   0x0000000000000000       0x44 ./bsp/drivers/fe300prci/fe300prci_driver.o
 .debug_macro   0x0000000000000000      0x174 ./bsp/drivers/fe300prci/fe300prci_driver.o
 .debug_macro   0x0000000000000000      0x30d ./bsp/drivers/fe300prci/fe300prci_driver.o
 .debug_macro   0x0000000000000000       0x16 ./bsp/drivers/fe300prci/fe300prci_driver.o
 .debug_macro   0x0000000000000000       0x22 ./bsp/drivers/fe300prci/fe300prci_driver.o
 .debug_macro   0x0000000000000000      0x1a2 ./bsp/drivers/fe300prci/fe300prci_driver.o
 .debug_macro   0x0000000000000000       0x2e ./bsp/drivers/fe300prci/fe300prci_driver.o
 .debug_macro   0x0000000000000000       0x70 ./bsp/drivers/fe300prci/fe300prci_driver.o
 .debug_macro   0x0000000000000000       0x5e ./bsp/drivers/fe300prci/fe300prci_driver.o
 .debug_macro   0x0000000000000000       0x5e ./bsp/drivers/fe300prci/fe300prci_driver.o
 .debug_macro   0x0000000000000000       0xe2 ./bsp/drivers/fe300prci/fe300prci_driver.o
 .debug_macro   0x0000000000000000       0xa0 ./bsp/drivers/fe300prci/fe300prci_driver.o
 .debug_macro   0x0000000000000000      0x130 ./bsp/drivers/fe300prci/fe300prci_driver.o
 .debug_macro   0x0000000000000000       0x58 ./bsp/drivers/fe300prci/fe300prci_driver.o
 .debug_macro   0x0000000000000000      0x1de ./bsp/drivers/fe300prci/fe300prci_driver.o
 .debug_macro   0x0000000000000000       0xfd ./bsp/drivers/fe300prci/fe300prci_driver.o
 .debug_macro   0x0000000000000000       0x22 ./bsp/drivers/fe300prci/fe300prci_driver.o
 .debug_macro   0x0000000000000000      0x1df ./bsp/drivers/fe300prci/fe300prci_driver.o
 .debug_macro   0x0000000000000000       0x16 ./bsp/drivers/fe300prci/fe300prci_driver.o
 .debug_macro   0x0000000000000000       0xd0 ./bsp/drivers/fe300prci/fe300prci_driver.o
 .debug_macro   0x0000000000000000       0x4c ./bsp/drivers/fe300prci/fe300prci_driver.o
 .debug_macro   0x0000000000000000       0x34 ./bsp/drivers/fe300prci/fe300prci_driver.o
 .debug_macro   0x0000000000000000       0x9c ./bsp/drivers/fe300prci/fe300prci_driver.o
 .debug_macro   0x0000000000000000       0x40 ./bsp/drivers/fe300prci/fe300prci_driver.o
 .debug_macro   0x0000000000000000       0x52 ./bsp/drivers/fe300prci/fe300prci_driver.o
 .debug_macro   0x0000000000000000       0x43 ./bsp/drivers/fe300prci/fe300prci_driver.o
 .debug_macro   0x0000000000000000       0x22 ./bsp/drivers/fe300prci/fe300prci_driver.o
 .debug_macro   0x0000000000000000       0x34 ./bsp/drivers/fe300prci/fe300prci_driver.o
 .debug_macro   0x0000000000000000       0x10 ./bsp/drivers/fe300prci/fe300prci_driver.o
 .debug_macro   0x0000000000000000       0x40 ./bsp/drivers/fe300prci/fe300prci_driver.o
 .debug_macro   0x0000000000000000       0x6c ./bsp/drivers/fe300prci/fe300prci_driver.o
 .debug_macro   0x0000000000000000      0x513 ./bsp/drivers/fe300prci/fe300prci_driver.o
 .group         0x0000000000000000        0x8 ./pwmLedBlinker.o
 .group         0x0000000000000000        0x8 ./pwmLedBlinker.o
 .group         0x0000000000000000        0x8 ./pwmLedBlinker.o
 .group         0x0000000000000000        0x8 ./pwmLedBlinker.o
 .group         0x0000000000000000        0x8 ./pwmLedBlinker.o
 .group         0x0000000000000000        0x8 ./pwmLedBlinker.o
 .group         0x0000000000000000        0x8 ./pwmLedBlinker.o
 .group         0x0000000000000000        0x8 ./pwmLedBlinker.o
 .group         0x0000000000000000        0x8 ./pwmLedBlinker.o
 .group         0x0000000000000000        0x8 ./pwmLedBlinker.o
 .group         0x0000000000000000        0x8 ./pwmLedBlinker.o
 .group         0x0000000000000000        0x8 ./pwmLedBlinker.o
 .group         0x0000000000000000        0x8 ./pwmLedBlinker.o
 .group         0x0000000000000000        0x8 ./pwmLedBlinker.o
 .group         0x0000000000000000        0x8 ./pwmLedBlinker.o
 .group         0x0000000000000000        0x8 ./pwmLedBlinker.o
 .group         0x0000000000000000        0x8 ./pwmLedBlinker.o
 .group         0x0000000000000000        0x8 ./pwmLedBlinker.o
 .group         0x0000000000000000        0x8 ./pwmLedBlinker.o
 .group         0x0000000000000000        0x8 ./pwmLedBlinker.o
 .group         0x0000000000000000        0x8 ./pwmLedBlinker.o
 .group         0x0000000000000000        0x8 ./pwmLedBlinker.o
 .group         0x0000000000000000        0x8 ./pwmLedBlinker.o
 .group         0x0000000000000000        0x8 ./pwmLedBlinker.o
 .group         0x0000000000000000        0x8 ./pwmLedBlinker.o
 .group         0x0000000000000000        0x8 ./pwmLedBlinker.o
 .group         0x0000000000000000        0x8 ./pwmLedBlinker.o
 .group         0x0000000000000000        0x8 ./pwmLedBlinker.o
 .group         0x0000000000000000        0x8 ./pwmLedBlinker.o
 .group         0x0000000000000000        0x8 ./pwmLedBlinker.o
 .group         0x0000000000000000        0x8 ./pwmLedBlinker.o
 .group         0x0000000000000000        0x8 ./pwmLedBlinker.o
 .group         0x0000000000000000        0x8 ./pwmLedBlinker.o
 .group         0x0000000000000000        0x8 ./pwmLedBlinker.o
 .group         0x0000000000000000        0x8 ./pwmLedBlinker.o
 .group         0x0000000000000000        0x8 ./pwmLedBlinker.o
 .group         0x0000000000000000        0x8 ./pwmLedBlinker.o
 .group         0x0000000000000000        0x8 ./pwmLedBlinker.o
 .group         0x0000000000000000        0x8 ./pwmLedBlinker.o
 .group         0x0000000000000000        0x8 ./pwmLedBlinker.o
 .group         0x0000000000000000        0x8 ./pwmLedBlinker.o
 .group         0x0000000000000000        0x8 ./pwmLedBlinker.o
 .group         0x0000000000000000        0x8 ./pwmLedBlinker.o
 .group         0x0000000000000000        0x8 ./pwmLedBlinker.o
 .group         0x0000000000000000        0x8 ./pwmLedBlinker.o
 .group         0x0000000000000000        0x8 ./pwmLedBlinker.o
 .group         0x0000000000000000        0x8 ./pwmLedBlinker.o
 .group         0x0000000000000000        0x8 ./pwmLedBlinker.o
 .group         0x0000000000000000        0x8 ./pwmLedBlinker.o
 .text          0x0000000000000000        0x0 ./pwmLedBlinker.o
 .data          0x0000000000000000        0x0 ./pwmLedBlinker.o
 .bss           0x0000000000000000        0x0 ./pwmLedBlinker.o
 .debug_macro   0x0000000000000000      0x760 ./pwmLedBlinker.o
 .debug_macro   0x0000000000000000       0x22 ./pwmLedBlinker.o
 .debug_macro   0x0000000000000000       0x87 ./pwmLedBlinker.o
 .debug_macro   0x0000000000000000       0x44 ./pwmLedBlinker.o
 .debug_macro   0x0000000000000000      0x174 ./pwmLedBlinker.o
 .debug_macro   0x0000000000000000      0x30d ./pwmLedBlinker.o
 .debug_macro   0x0000000000000000       0x4c ./pwmLedBlinker.o
 .debug_macro   0x0000000000000000       0x34 ./pwmLedBlinker.o
 .debug_macro   0x0000000000000000       0x9c ./pwmLedBlinker.o
 .debug_macro   0x0000000000000000       0x16 ./pwmLedBlinker.o
 .debug_macro   0x0000000000000000       0x35 ./pwmLedBlinker.o
 .debug_macro   0x0000000000000000       0x10 ./pwmLedBlinker.o
 .debug_macro   0x0000000000000000       0x40 ./pwmLedBlinker.o
 .debug_macro   0x0000000000000000       0x52 ./pwmLedBlinker.o
 .debug_macro   0x0000000000000000       0x43 ./pwmLedBlinker.o
 .debug_macro   0x0000000000000000      0x187 ./pwmLedBlinker.o
 .debug_macro   0x0000000000000000       0x22 ./pwmLedBlinker.o
 .debug_macro   0x0000000000000000       0x22 ./pwmLedBlinker.o
 .debug_macro   0x0000000000000000       0x34 ./pwmLedBlinker.o
 .debug_macro   0x0000000000000000       0x10 ./pwmLedBlinker.o
 .debug_macro   0x0000000000000000       0x40 ./pwmLedBlinker.o
 .debug_macro   0x0000000000000000       0x6c ./pwmLedBlinker.o
 .debug_macro   0x0000000000000000       0x16 ./pwmLedBlinker.o
 .debug_macro   0x0000000000000000      0x182 ./pwmLedBlinker.o
 .debug_macro   0x0000000000000000       0x16 ./pwmLedBlinker.o
 .debug_macro   0x0000000000000000       0x22 ./pwmLedBlinker.o
 .debug_macro   0x0000000000000000      0x1a2 ./pwmLedBlinker.o
 .debug_macro   0x0000000000000000       0x2e ./pwmLedBlinker.o
 .debug_macro   0x0000000000000000       0x70 ./pwmLedBlinker.o
 .debug_macro   0x0000000000000000       0x5e ./pwmLedBlinker.o
 .debug_macro   0x0000000000000000       0x5e ./pwmLedBlinker.o
 .debug_macro   0x0000000000000000       0xe2 ./pwmLedBlinker.o
 .debug_macro   0x0000000000000000       0xa0 ./pwmLedBlinker.o
 .debug_macro   0x0000000000000000      0x130 ./pwmLedBlinker.o
 .debug_macro   0x0000000000000000       0x58 ./pwmLedBlinker.o
 .debug_macro   0x0000000000000000      0x1de ./pwmLedBlinker.o
 .debug_macro   0x0000000000000000       0xfd ./pwmLedBlinker.o
 .debug_macro   0x0000000000000000      0x1df ./pwmLedBlinker.o
 .debug_macro   0x0000000000000000       0x16 ./pwmLedBlinker.o
 .debug_macro   0x0000000000000000       0xd0 ./pwmLedBlinker.o
 .debug_macro   0x0000000000000000       0x16 ./pwmLedBlinker.o
 .debug_macro   0x0000000000000000      0x513 ./pwmLedBlinker.o
 .debug_macro   0x0000000000000000     0x1584 ./pwmLedBlinker.o
 .data          0x0000000000000000        0x0 /home/fabiop/RISCV/FreedomStudio/SiFive/riscv64-unknown-elf-gcc-20170503-x86_64-pc-linux-gnu/bin/../lib/gcc/riscv64-unknown-elf/7.0.1/../../../../riscv64-unknown-elf/lib/rv32imac/ilp32/libc.a(lib_a-atexit.o)
 .bss           0x0000000000000000        0x0 /home/fabiop/RISCV/FreedomStudio/SiFive/riscv64-unknown-elf-gcc-20170503-x86_64-pc-linux-gnu/bin/../lib/gcc/riscv64-unknown-elf/7.0.1/../../../../riscv64-unknown-elf/lib/rv32imac/ilp32/libc.a(lib_a-atexit.o)
 .data          0x0000000000000000        0x0 /home/fabiop/RISCV/FreedomStudio/SiFive/riscv64-unknown-elf-gcc-20170503-x86_64-pc-linux-gnu/bin/../lib/gcc/riscv64-unknown-elf/7.0.1/../../../../riscv64-unknown-elf/lib/rv32imac/ilp32/libc.a(lib_a-exit.o)
 .bss           0x0000000000000000        0x0 /home/fabiop/RISCV/FreedomStudio/SiFive/riscv64-unknown-elf-gcc-20170503-x86_64-pc-linux-gnu/bin/../lib/gcc/riscv64-unknown-elf/7.0.1/../../../../riscv64-unknown-elf/lib/rv32imac/ilp32/libc.a(lib_a-exit.o)
 .data          0x0000000000000000        0x0 /home/fabiop/RISCV/FreedomStudio/SiFive/riscv64-unknown-elf-gcc-20170503-x86_64-pc-linux-gnu/bin/../lib/gcc/riscv64-unknown-elf/7.0.1/../../../../riscv64-unknown-elf/lib/rv32imac/ilp32/libc.a(lib_a-fini.o)
 .bss           0x0000000000000000        0x0 /home/fabiop/RISCV/FreedomStudio/SiFive/riscv64-unknown-elf-gcc-20170503-x86_64-pc-linux-gnu/bin/../lib/gcc/riscv64-unknown-elf/7.0.1/../../../../riscv64-unknown-elf/lib/rv32imac/ilp32/libc.a(lib_a-fini.o)
 .text          0x0000000000000000        0x0 /home/fabiop/RISCV/FreedomStudio/SiFive/riscv64-unknown-elf-gcc-20170503-x86_64-pc-linux-gnu/bin/../lib/gcc/riscv64-unknown-elf/7.0.1/../../../../riscv64-unknown-elf/lib/rv32imac/ilp32/libc.a(lib_a-impure.o)
 .bss           0x0000000000000000        0x0 /home/fabiop/RISCV/FreedomStudio/SiFive/riscv64-unknown-elf-gcc-20170503-x86_64-pc-linux-gnu/bin/../lib/gcc/riscv64-unknown-elf/7.0.1/../../../../riscv64-unknown-elf/lib/rv32imac/ilp32/libc.a(lib_a-impure.o)
 .data          0x0000000000000000        0x0 /home/fabiop/RISCV/FreedomStudio/SiFive/riscv64-unknown-elf-gcc-20170503-x86_64-pc-linux-gnu/bin/../lib/gcc/riscv64-unknown-elf/7.0.1/../../../../riscv64-unknown-elf/lib/rv32imac/ilp32/libc.a(lib_a-init.o)
 .bss           0x0000000000000000        0x0 /home/fabiop/RISCV/FreedomStudio/SiFive/riscv64-unknown-elf-gcc-20170503-x86_64-pc-linux-gnu/bin/../lib/gcc/riscv64-unknown-elf/7.0.1/../../../../riscv64-unknown-elf/lib/rv32imac/ilp32/libc.a(lib_a-init.o)
 .data          0x0000000000000000        0x0 /home/fabiop/RISCV/FreedomStudio/SiFive/riscv64-unknown-elf-gcc-20170503-x86_64-pc-linux-gnu/bin/../lib/gcc/riscv64-unknown-elf/7.0.1/../../../../riscv64-unknown-elf/lib/rv32imac/ilp32/libc.a(lib_a-__atexit.o)
 .bss           0x0000000000000000        0x0 /home/fabiop/RISCV/FreedomStudio/SiFive/riscv64-unknown-elf-gcc-20170503-x86_64-pc-linux-gnu/bin/../lib/gcc/riscv64-unknown-elf/7.0.1/../../../../riscv64-unknown-elf/lib/rv32imac/ilp32/libc.a(lib_a-__atexit.o)
 .data          0x0000000000000000        0x0 /home/fabiop/RISCV/FreedomStudio/SiFive/riscv64-unknown-elf-gcc-20170503-x86_64-pc-linux-gnu/bin/../lib/gcc/riscv64-unknown-elf/7.0.1/../../../../riscv64-unknown-elf/lib/rv32imac/ilp32/libc.a(lib_a-__call_atexit.o)
 .bss           0x0000000000000000        0x0 /home/fabiop/RISCV/FreedomStudio/SiFive/riscv64-unknown-elf-gcc-20170503-x86_64-pc-linux-gnu/bin/../lib/gcc/riscv64-unknown-elf/7.0.1/../../../../riscv64-unknown-elf/lib/rv32imac/ilp32/libc.a(lib_a-__call_atexit.o)
 .group         0x0000000000000000        0x8 ..//libwrap-hifive1.a(_exit.o)
 .group         0x0000000000000000        0x8 ..//libwrap-hifive1.a(_exit.o)
 .group         0x0000000000000000        0x8 ..//libwrap-hifive1.a(_exit.o)
 .group         0x0000000000000000        0x8 ..//libwrap-hifive1.a(_exit.o)
 .group         0x0000000000000000        0x8 ..//libwrap-hifive1.a(_exit.o)
 .group         0x0000000000000000        0x8 ..//libwrap-hifive1.a(_exit.o)
 .group         0x0000000000000000        0x8 ..//libwrap-hifive1.a(_exit.o)
 .group         0x0000000000000000        0x8 ..//libwrap-hifive1.a(_exit.o)
 .group         0x0000000000000000        0x8 ..//libwrap-hifive1.a(_exit.o)
 .group         0x0000000000000000        0x8 ..//libwrap-hifive1.a(_exit.o)
 .group         0x0000000000000000        0x8 ..//libwrap-hifive1.a(_exit.o)
 .group         0x0000000000000000        0x8 ..//libwrap-hifive1.a(_exit.o)
 .group         0x0000000000000000        0x8 ..//libwrap-hifive1.a(_exit.o)
 .group         0x0000000000000000        0x8 ..//libwrap-hifive1.a(_exit.o)
 .group         0x0000000000000000        0x8 ..//libwrap-hifive1.a(_exit.o)
 .group         0x0000000000000000        0x8 ..//libwrap-hifive1.a(_exit.o)
 .group         0x0000000000000000        0x8 ..//libwrap-hifive1.a(_exit.o)
 .group         0x0000000000000000        0x8 ..//libwrap-hifive1.a(_exit.o)
 .group         0x0000000000000000        0x8 ..//libwrap-hifive1.a(_exit.o)
 .group         0x0000000000000000        0x8 ..//libwrap-hifive1.a(_exit.o)
 .group         0x0000000000000000        0x8 ..//libwrap-hifive1.a(_exit.o)
 .group         0x0000000000000000        0x8 ..//libwrap-hifive1.a(_exit.o)
 .group         0x0000000000000000        0x8 ..//libwrap-hifive1.a(_exit.o)
 .group         0x0000000000000000        0x8 ..//libwrap-hifive1.a(_exit.o)
 .group         0x0000000000000000        0x8 ..//libwrap-hifive1.a(_exit.o)
 .group         0x0000000000000000        0x8 ..//libwrap-hifive1.a(_exit.o)
 .group         0x0000000000000000        0x8 ..//libwrap-hifive1.a(_exit.o)
 .group         0x0000000000000000        0x8 ..//libwrap-hifive1.a(_exit.o)
 .group         0x0000000000000000        0x8 ..//libwrap-hifive1.a(_exit.o)
 .group         0x0000000000000000        0x8 ..//libwrap-hifive1.a(_exit.o)
 .group         0x0000000000000000        0x8 ..//libwrap-hifive1.a(_exit.o)
 .group         0x0000000000000000        0x8 ..//libwrap-hifive1.a(_exit.o)
 .group         0x0000000000000000        0x8 ..//libwrap-hifive1.a(_exit.o)
 .group         0x0000000000000000        0x8 ..//libwrap-hifive1.a(_exit.o)
 .group         0x0000000000000000        0x8 ..//libwrap-hifive1.a(_exit.o)
 .group         0x0000000000000000        0x8 ..//libwrap-hifive1.a(_exit.o)
 .group         0x0000000000000000        0x8 ..//libwrap-hifive1.a(_exit.o)
 .text          0x0000000000000000        0x0 ..//libwrap-hifive1.a(_exit.o)
 .data          0x0000000000000000        0x0 ..//libwrap-hifive1.a(_exit.o)
 .bss           0x0000000000000000        0x0 ..//libwrap-hifive1.a(_exit.o)
 .debug_macro   0x0000000000000000       0x22 ..//libwrap-hifive1.a(_exit.o)
 .debug_macro   0x0000000000000000       0x34 ..//libwrap-hifive1.a(_exit.o)
 .debug_macro   0x0000000000000000       0x9c ..//libwrap-hifive1.a(_exit.o)
 .debug_macro   0x0000000000000000       0x10 ..//libwrap-hifive1.a(_exit.o)
 .debug_macro   0x0000000000000000      0x30d ..//libwrap-hifive1.a(_exit.o)
 .debug_macro   0x0000000000000000       0x40 ..//libwrap-hifive1.a(_exit.o)
 .debug_macro   0x0000000000000000       0x52 ..//libwrap-hifive1.a(_exit.o)
 .debug_macro   0x0000000000000000       0x22 ..//libwrap-hifive1.a(_exit.o)
 .debug_macro   0x0000000000000000       0x22 ..//libwrap-hifive1.a(_exit.o)
 .debug_macro   0x0000000000000000       0x34 ..//libwrap-hifive1.a(_exit.o)
 .debug_macro   0x0000000000000000       0x10 ..//libwrap-hifive1.a(_exit.o)
 .debug_macro   0x0000000000000000       0x40 ..//libwrap-hifive1.a(_exit.o)
 .debug_macro   0x0000000000000000       0x6c ..//libwrap-hifive1.a(_exit.o)
 .debug_macro   0x0000000000000000      0x513 ..//libwrap-hifive1.a(_exit.o)
 .debug_macro   0x0000000000000000       0x16 ..//libwrap-hifive1.a(_exit.o)
 .debug_macro   0x0000000000000000       0x22 ..//libwrap-hifive1.a(_exit.o)
 .debug_macro   0x0000000000000000      0x1a2 ..//libwrap-hifive1.a(_exit.o)
 .debug_macro   0x0000000000000000       0x2e ..//libwrap-hifive1.a(_exit.o)
 .debug_macro   0x0000000000000000       0x70 ..//libwrap-hifive1.a(_exit.o)
 .debug_macro   0x0000000000000000       0x5e ..//libwrap-hifive1.a(_exit.o)
 .debug_macro   0x0000000000000000       0x5e ..//libwrap-hifive1.a(_exit.o)
 .debug_macro   0x0000000000000000       0xe2 ..//libwrap-hifive1.a(_exit.o)
 .debug_macro   0x0000000000000000       0xa0 ..//libwrap-hifive1.a(_exit.o)
 .debug_macro   0x0000000000000000      0x130 ..//libwrap-hifive1.a(_exit.o)
 .debug_macro   0x0000000000000000       0x58 ..//libwrap-hifive1.a(_exit.o)
 .debug_macro   0x0000000000000000      0x1de ..//libwrap-hifive1.a(_exit.o)
 .debug_macro   0x0000000000000000       0xfd ..//libwrap-hifive1.a(_exit.o)
 .debug_macro   0x0000000000000000      0x1df ..//libwrap-hifive1.a(_exit.o)
 .debug_macro   0x0000000000000000       0x16 ..//libwrap-hifive1.a(_exit.o)
 .debug_macro   0x0000000000000000       0xd0 ..//libwrap-hifive1.a(_exit.o)
 .group         0x0000000000000000        0x8 ..//libwrap-hifive1.a(write.o)
 .group         0x0000000000000000        0x8 ..//libwrap-hifive1.a(write.o)
 .group         0x0000000000000000        0x8 ..//libwrap-hifive1.a(write.o)
 .group         0x0000000000000000        0x8 ..//libwrap-hifive1.a(write.o)
 .group         0x0000000000000000        0x8 ..//libwrap-hifive1.a(write.o)
 .group         0x0000000000000000        0x8 ..//libwrap-hifive1.a(write.o)
 .group         0x0000000000000000        0x8 ..//libwrap-hifive1.a(write.o)
 .group         0x0000000000000000        0x8 ..//libwrap-hifive1.a(write.o)
 .group         0x0000000000000000        0x8 ..//libwrap-hifive1.a(write.o)
 .group         0x0000000000000000        0x8 ..//libwrap-hifive1.a(write.o)
 .group         0x0000000000000000        0x8 ..//libwrap-hifive1.a(write.o)
 .group         0x0000000000000000        0x8 ..//libwrap-hifive1.a(write.o)
 .group         0x0000000000000000        0x8 ..//libwrap-hifive1.a(write.o)
 .group         0x0000000000000000        0x8 ..//libwrap-hifive1.a(write.o)
 .group         0x0000000000000000        0x8 ..//libwrap-hifive1.a(write.o)
 .group         0x0000000000000000        0x8 ..//libwrap-hifive1.a(write.o)
 .group         0x0000000000000000        0x8 ..//libwrap-hifive1.a(write.o)
 .group         0x0000000000000000        0x8 ..//libwrap-hifive1.a(write.o)
 .group         0x0000000000000000        0x8 ..//libwrap-hifive1.a(write.o)
 .group         0x0000000000000000        0x8 ..//libwrap-hifive1.a(write.o)
 .group         0x0000000000000000        0x8 ..//libwrap-hifive1.a(write.o)
 .group         0x0000000000000000        0x8 ..//libwrap-hifive1.a(write.o)
 .group         0x0000000000000000        0x8 ..//libwrap-hifive1.a(write.o)
 .group         0x0000000000000000        0x8 ..//libwrap-hifive1.a(write.o)
 .group         0x0000000000000000        0x8 ..//libwrap-hifive1.a(write.o)
 .group         0x0000000000000000        0x8 ..//libwrap-hifive1.a(write.o)
 .group         0x0000000000000000        0x8 ..//libwrap-hifive1.a(write.o)
 .group         0x0000000000000000        0x8 ..//libwrap-hifive1.a(write.o)
 .group         0x0000000000000000        0x8 ..//libwrap-hifive1.a(write.o)
 .group         0x0000000000000000        0x8 ..//libwrap-hifive1.a(write.o)
 .group         0x0000000000000000        0x8 ..//libwrap-hifive1.a(write.o)
 .group         0x0000000000000000        0x8 ..//libwrap-hifive1.a(write.o)
 .group         0x0000000000000000        0x8 ..//libwrap-hifive1.a(write.o)
 .group         0x0000000000000000        0x8 ..//libwrap-hifive1.a(write.o)
 .group         0x0000000000000000        0x8 ..//libwrap-hifive1.a(write.o)
 .group         0x0000000000000000        0x8 ..//libwrap-hifive1.a(write.o)
 .group         0x0000000000000000        0x8 ..//libwrap-hifive1.a(write.o)
 .group         0x0000000000000000        0x8 ..//libwrap-hifive1.a(write.o)
 .group         0x0000000000000000        0x8 ..//libwrap-hifive1.a(write.o)
 .text          0x0000000000000000        0x0 ..//libwrap-hifive1.a(write.o)
 .data          0x0000000000000000        0x0 ..//libwrap-hifive1.a(write.o)
 .bss           0x0000000000000000        0x0 ..//libwrap-hifive1.a(write.o)
 .debug_macro   0x0000000000000000      0x754 ..//libwrap-hifive1.a(write.o)
 .debug_macro   0x0000000000000000       0x22 ..//libwrap-hifive1.a(write.o)
 .debug_macro   0x0000000000000000       0x87 ..//libwrap-hifive1.a(write.o)
 .debug_macro   0x0000000000000000       0x44 ..//libwrap-hifive1.a(write.o)
 .debug_macro   0x0000000000000000       0xfd ..//libwrap-hifive1.a(write.o)
 .debug_macro   0x0000000000000000       0x22 ..//libwrap-hifive1.a(write.o)
 .debug_macro   0x0000000000000000      0x1df ..//libwrap-hifive1.a(write.o)
 .debug_macro   0x0000000000000000       0x4c ..//libwrap-hifive1.a(write.o)
 .debug_macro   0x0000000000000000       0x34 ..//libwrap-hifive1.a(write.o)
 .debug_macro   0x0000000000000000       0x9c ..//libwrap-hifive1.a(write.o)
 .debug_macro   0x0000000000000000      0x174 ..//libwrap-hifive1.a(write.o)
 .debug_macro   0x0000000000000000       0x40 ..//libwrap-hifive1.a(write.o)
 .debug_macro   0x0000000000000000       0x52 ..//libwrap-hifive1.a(write.o)
 .debug_macro   0x0000000000000000       0x43 ..//libwrap-hifive1.a(write.o)
 .debug_macro   0x0000000000000000      0x187 ..//libwrap-hifive1.a(write.o)
 .debug_macro   0x0000000000000000       0x16 ..//libwrap-hifive1.a(write.o)
 .debug_macro   0x0000000000000000       0x35 ..//libwrap-hifive1.a(write.o)
 .debug_macro   0x0000000000000000      0x30d ..//libwrap-hifive1.a(write.o)
 .debug_macro   0x0000000000000000       0x22 ..//libwrap-hifive1.a(write.o)
 .debug_macro   0x0000000000000000       0x34 ..//libwrap-hifive1.a(write.o)
 .debug_macro   0x0000000000000000       0x10 ..//libwrap-hifive1.a(write.o)
 .debug_macro   0x0000000000000000       0x40 ..//libwrap-hifive1.a(write.o)
 .debug_macro   0x0000000000000000       0x6c ..//libwrap-hifive1.a(write.o)
 .debug_macro   0x0000000000000000      0x513 ..//libwrap-hifive1.a(write.o)
 .debug_macro   0x0000000000000000       0x16 ..//libwrap-hifive1.a(write.o)
 .debug_macro   0x0000000000000000       0x22 ..//libwrap-hifive1.a(write.o)
 .debug_macro   0x0000000000000000      0x1a2 ..//libwrap-hifive1.a(write.o)
 .debug_macro   0x0000000000000000       0x2e ..//libwrap-hifive1.a(write.o)
 .debug_macro   0x0000000000000000       0x70 ..//libwrap-hifive1.a(write.o)
 .debug_macro   0x0000000000000000       0x5e ..//libwrap-hifive1.a(write.o)
 .debug_macro   0x0000000000000000       0x5e ..//libwrap-hifive1.a(write.o)
 .debug_macro   0x0000000000000000       0xe2 ..//libwrap-hifive1.a(write.o)
 .debug_macro   0x0000000000000000       0xa0 ..//libwrap-hifive1.a(write.o)
 .debug_macro   0x0000000000000000      0x130 ..//libwrap-hifive1.a(write.o)
 .debug_macro   0x0000000000000000       0x58 ..//libwrap-hifive1.a(write.o)
 .debug_macro   0x0000000000000000      0x1f0 ..//libwrap-hifive1.a(write.o)
 .debug_macro   0x0000000000000000       0xd0 ..//libwrap-hifive1.a(write.o)
 .group         0x0000000000000000        0x8 ..//libwrap-hifive1.a(write_hex.o)
 .group         0x0000000000000000        0x8 ..//libwrap-hifive1.a(write_hex.o)
 .group         0x0000000000000000        0x8 ..//libwrap-hifive1.a(write_hex.o)
 .group         0x0000000000000000        0x8 ..//libwrap-hifive1.a(write_hex.o)
 .group         0x0000000000000000        0x8 ..//libwrap-hifive1.a(write_hex.o)
 .group         0x0000000000000000        0x8 ..//libwrap-hifive1.a(write_hex.o)
 .group         0x0000000000000000        0x8 ..//libwrap-hifive1.a(write_hex.o)
 .group         0x0000000000000000        0x8 ..//libwrap-hifive1.a(write_hex.o)
 .group         0x0000000000000000        0x8 ..//libwrap-hifive1.a(write_hex.o)
 .group         0x0000000000000000        0x8 ..//libwrap-hifive1.a(write_hex.o)
 .group         0x0000000000000000        0x8 ..//libwrap-hifive1.a(write_hex.o)
 .group         0x0000000000000000        0x8 ..//libwrap-hifive1.a(write_hex.o)
 .group         0x0000000000000000        0x8 ..//libwrap-hifive1.a(write_hex.o)
 .group         0x0000000000000000        0x8 ..//libwrap-hifive1.a(write_hex.o)
 .group         0x0000000000000000        0x8 ..//libwrap-hifive1.a(write_hex.o)
 .group         0x0000000000000000        0x8 ..//libwrap-hifive1.a(write_hex.o)
 .group         0x0000000000000000        0x8 ..//libwrap-hifive1.a(write_hex.o)
 .group         0x0000000000000000        0x8 ..//libwrap-hifive1.a(write_hex.o)
 .group         0x0000000000000000        0x8 ..//libwrap-hifive1.a(write_hex.o)
 .group         0x0000000000000000        0x8 ..//libwrap-hifive1.a(write_hex.o)
 .group         0x0000000000000000        0x8 ..//libwrap-hifive1.a(write_hex.o)
 .group         0x0000000000000000        0x8 ..//libwrap-hifive1.a(write_hex.o)
 .group         0x0000000000000000        0x8 ..//libwrap-hifive1.a(write_hex.o)
 .group         0x0000000000000000        0x8 ..//libwrap-hifive1.a(write_hex.o)
 .group         0x0000000000000000        0x8 ..//libwrap-hifive1.a(write_hex.o)
 .group         0x0000000000000000        0x8 ..//libwrap-hifive1.a(write_hex.o)
 .group         0x0000000000000000        0x8 ..//libwrap-hifive1.a(write_hex.o)
 .group         0x0000000000000000        0x8 ..//libwrap-hifive1.a(write_hex.o)
 .group         0x0000000000000000        0x8 ..//libwrap-hifive1.a(write_hex.o)
 .group         0x0000000000000000        0x8 ..//libwrap-hifive1.a(write_hex.o)
 .group         0x0000000000000000        0x8 ..//libwrap-hifive1.a(write_hex.o)
 .group         0x0000000000000000        0x8 ..//libwrap-hifive1.a(write_hex.o)
 .group         0x0000000000000000        0x8 ..//libwrap-hifive1.a(write_hex.o)
 .group         0x0000000000000000        0x8 ..//libwrap-hifive1.a(write_hex.o)
 .group         0x0000000000000000        0x8 ..//libwrap-hifive1.a(write_hex.o)
 .group         0x0000000000000000        0x8 ..//libwrap-hifive1.a(write_hex.o)
 .text          0x0000000000000000        0x0 ..//libwrap-hifive1.a(write_hex.o)
 .data          0x0000000000000000        0x0 ..//libwrap-hifive1.a(write_hex.o)
 .bss           0x0000000000000000        0x0 ..//libwrap-hifive1.a(write_hex.o)
 .debug_macro   0x0000000000000000      0x754 ..//libwrap-hifive1.a(write_hex.o)
 .debug_macro   0x0000000000000000       0x22 ..//libwrap-hifive1.a(write_hex.o)
 .debug_macro   0x0000000000000000       0x87 ..//libwrap-hifive1.a(write_hex.o)
 .debug_macro   0x0000000000000000       0x44 ..//libwrap-hifive1.a(write_hex.o)
 .debug_macro   0x0000000000000000       0xfd ..//libwrap-hifive1.a(write_hex.o)
 .debug_macro   0x0000000000000000       0x22 ..//libwrap-hifive1.a(write_hex.o)
 .debug_macro   0x0000000000000000      0x1df ..//libwrap-hifive1.a(write_hex.o)
 .debug_macro   0x0000000000000000       0x4c ..//libwrap-hifive1.a(write_hex.o)
 .debug_macro   0x0000000000000000       0x34 ..//libwrap-hifive1.a(write_hex.o)
 .debug_macro   0x0000000000000000       0x9c ..//libwrap-hifive1.a(write_hex.o)
 .debug_macro   0x0000000000000000       0x10 ..//libwrap-hifive1.a(write_hex.o)
 .debug_macro   0x0000000000000000       0xcf ..//libwrap-hifive1.a(write_hex.o)
 .debug_macro   0x0000000000000000      0x30d ..//libwrap-hifive1.a(write_hex.o)
 .debug_macro   0x0000000000000000       0x40 ..//libwrap-hifive1.a(write_hex.o)
 .debug_macro   0x0000000000000000       0x52 ..//libwrap-hifive1.a(write_hex.o)
 .debug_macro   0x0000000000000000       0x19 ..//libwrap-hifive1.a(write_hex.o)
 .debug_macro   0x0000000000000000       0xbe ..//libwrap-hifive1.a(write_hex.o)
 .debug_macro   0x0000000000000000       0x22 ..//libwrap-hifive1.a(write_hex.o)
 .debug_macro   0x0000000000000000       0x34 ..//libwrap-hifive1.a(write_hex.o)
 .debug_macro   0x0000000000000000       0x10 ..//libwrap-hifive1.a(write_hex.o)
 .debug_macro   0x0000000000000000       0x40 ..//libwrap-hifive1.a(write_hex.o)
 .debug_macro   0x0000000000000000       0x6c ..//libwrap-hifive1.a(write_hex.o)
 .debug_macro   0x0000000000000000      0x513 ..//libwrap-hifive1.a(write_hex.o)
 .debug_macro   0x0000000000000000       0x16 ..//libwrap-hifive1.a(write_hex.o)
 .debug_macro   0x0000000000000000       0x22 ..//libwrap-hifive1.a(write_hex.o)
 .debug_macro   0x0000000000000000      0x1a2 ..//libwrap-hifive1.a(write_hex.o)
 .debug_macro   0x0000000000000000       0x2e ..//libwrap-hifive1.a(write_hex.o)
 .debug_macro   0x0000000000000000       0x70 ..//libwrap-hifive1.a(write_hex.o)
 .debug_macro   0x0000000000000000       0x5e ..//libwrap-hifive1.a(write_hex.o)
 .debug_macro   0x0000000000000000       0x5e ..//libwrap-hifive1.a(write_hex.o)
 .debug_macro   0x0000000000000000       0xe2 ..//libwrap-hifive1.a(write_hex.o)
 .debug_macro   0x0000000000000000       0xa0 ..//libwrap-hifive1.a(write_hex.o)
 .debug_macro   0x0000000000000000      0x130 ..//libwrap-hifive1.a(write_hex.o)
 .debug_macro   0x0000000000000000       0x58 ..//libwrap-hifive1.a(write_hex.o)
 .debug_macro   0x0000000000000000      0x1f0 ..//libwrap-hifive1.a(write_hex.o)
 .debug_macro   0x0000000000000000       0xd0 ..//libwrap-hifive1.a(write_hex.o)
 .group         0x0000000000000000        0x8 ..//libwrap-hifive1.a(isatty.o)
 .group         0x0000000000000000        0x8 ..//libwrap-hifive1.a(isatty.o)
 .group         0x0000000000000000        0x8 ..//libwrap-hifive1.a(isatty.o)
 .group         0x0000000000000000        0x8 ..//libwrap-hifive1.a(isatty.o)
 .group         0x0000000000000000        0x8 ..//libwrap-hifive1.a(isatty.o)
 .group         0x0000000000000000        0x8 ..//libwrap-hifive1.a(isatty.o)
 .group         0x0000000000000000        0x8 ..//libwrap-hifive1.a(isatty.o)
 .group         0x0000000000000000        0x8 ..//libwrap-hifive1.a(isatty.o)
 .group         0x0000000000000000        0x8 ..//libwrap-hifive1.a(isatty.o)
 .group         0x0000000000000000        0x8 ..//libwrap-hifive1.a(isatty.o)
 .group         0x0000000000000000        0x8 ..//libwrap-hifive1.a(isatty.o)
 .group         0x0000000000000000        0x8 ..//libwrap-hifive1.a(isatty.o)
 .group         0x0000000000000000        0x8 ..//libwrap-hifive1.a(isatty.o)
 .group         0x0000000000000000        0x8 ..//libwrap-hifive1.a(isatty.o)
 .group         0x0000000000000000        0x8 ..//libwrap-hifive1.a(isatty.o)
 .group         0x0000000000000000        0x8 ..//libwrap-hifive1.a(isatty.o)
 .group         0x0000000000000000        0x8 ..//libwrap-hifive1.a(isatty.o)
 .group         0x0000000000000000        0x8 ..//libwrap-hifive1.a(isatty.o)
 .group         0x0000000000000000        0x8 ..//libwrap-hifive1.a(isatty.o)
 .group         0x0000000000000000        0x8 ..//libwrap-hifive1.a(isatty.o)
 .group         0x0000000000000000        0x8 ..//libwrap-hifive1.a(isatty.o)
 .text          0x0000000000000000        0x0 ..//libwrap-hifive1.a(isatty.o)
 .data          0x0000000000000000        0x0 ..//libwrap-hifive1.a(isatty.o)
 .bss           0x0000000000000000        0x0 ..//libwrap-hifive1.a(isatty.o)
 .debug_macro   0x0000000000000000      0x754 ..//libwrap-hifive1.a(isatty.o)
 .debug_macro   0x0000000000000000       0x22 ..//libwrap-hifive1.a(isatty.o)
 .debug_macro   0x0000000000000000       0x46 ..//libwrap-hifive1.a(isatty.o)
 .debug_macro   0x0000000000000000       0x8d ..//libwrap-hifive1.a(isatty.o)
 .debug_macro   0x0000000000000000       0x34 ..//libwrap-hifive1.a(isatty.o)
 .debug_macro   0x0000000000000000       0x9c ..//libwrap-hifive1.a(isatty.o)
 .debug_macro   0x0000000000000000       0x10 ..//libwrap-hifive1.a(isatty.o)
 .debug_macro   0x0000000000000000       0x4a ..//libwrap-hifive1.a(isatty.o)
 .debug_macro   0x0000000000000000       0xcf ..//libwrap-hifive1.a(isatty.o)
 .debug_macro   0x0000000000000000      0x30d ..//libwrap-hifive1.a(isatty.o)
 .debug_macro   0x0000000000000000       0x40 ..//libwrap-hifive1.a(isatty.o)
 .debug_macro   0x0000000000000000       0x52 ..//libwrap-hifive1.a(isatty.o)
 .debug_macro   0x0000000000000000       0x19 ..//libwrap-hifive1.a(isatty.o)
 .debug_macro   0x0000000000000000       0x22 ..//libwrap-hifive1.a(isatty.o)
 .debug_macro   0x0000000000000000       0xbe ..//libwrap-hifive1.a(isatty.o)
 .debug_macro   0x0000000000000000       0x22 ..//libwrap-hifive1.a(isatty.o)
 .debug_macro   0x0000000000000000       0x34 ..//libwrap-hifive1.a(isatty.o)
 .debug_macro   0x0000000000000000       0x10 ..//libwrap-hifive1.a(isatty.o)
 .debug_macro   0x0000000000000000       0x40 ..//libwrap-hifive1.a(isatty.o)
 .debug_macro   0x0000000000000000       0x6c ..//libwrap-hifive1.a(isatty.o)
 .debug_macro   0x0000000000000000      0x513 ..//libwrap-hifive1.a(isatty.o)
 .text          0x0000000000000000      0x39c /home/fabiop/RISCV/FreedomStudio/SiFive/riscv64-unknown-elf-gcc-20170503-x86_64-pc-linux-gnu/bin/../lib/gcc/riscv64-unknown-elf/7.0.1/rv32imac/ilp32/libgcc.a(_divdi3.o)
 .data          0x0000000000000000        0x0 /home/fabiop/RISCV/FreedomStudio/SiFive/riscv64-unknown-elf-gcc-20170503-x86_64-pc-linux-gnu/bin/../lib/gcc/riscv64-unknown-elf/7.0.1/rv32imac/ilp32/libgcc.a(_divdi3.o)
 .bss           0x0000000000000000        0x0 /home/fabiop/RISCV/FreedomStudio/SiFive/riscv64-unknown-elf-gcc-20170503-x86_64-pc-linux-gnu/bin/../lib/gcc/riscv64-unknown-elf/7.0.1/rv32imac/ilp32/libgcc.a(_divdi3.o)
 .debug_frame   0x0000000000000000       0x20 /home/fabiop/RISCV/FreedomStudio/SiFive/riscv64-unknown-elf-gcc-20170503-x86_64-pc-linux-gnu/bin/../lib/gcc/riscv64-unknown-elf/7.0.1/rv32imac/ilp32/libgcc.a(_divdi3.o)
 .eh_frame      0x0000000000000000       0x28 /home/fabiop/RISCV/FreedomStudio/SiFive/riscv64-unknown-elf-gcc-20170503-x86_64-pc-linux-gnu/bin/../lib/gcc/riscv64-unknown-elf/7.0.1/rv32imac/ilp32/libgcc.a(_divdi3.o)
 .debug_info    0x0000000000000000     0x1151 /home/fabiop/RISCV/FreedomStudio/SiFive/riscv64-unknown-elf-gcc-20170503-x86_64-pc-linux-gnu/bin/../lib/gcc/riscv64-unknown-elf/7.0.1/rv32imac/ilp32/libgcc.a(_divdi3.o)
 .debug_abbrev  0x0000000000000000      0x29f /home/fabiop/RISCV/FreedomStudio/SiFive/riscv64-unknown-elf-gcc-20170503-x86_64-pc-linux-gnu/bin/../lib/gcc/riscv64-unknown-elf/7.0.1/rv32imac/ilp32/libgcc.a(_divdi3.o)
 .debug_loc     0x0000000000000000      0x986 /home/fabiop/RISCV/FreedomStudio/SiFive/riscv64-unknown-elf-gcc-20170503-x86_64-pc-linux-gnu/bin/../lib/gcc/riscv64-unknown-elf/7.0.1/rv32imac/ilp32/libgcc.a(_divdi3.o)
 .debug_aranges
                0x0000000000000000       0x20 /home/fabiop/RISCV/FreedomStudio/SiFive/riscv64-unknown-elf-gcc-20170503-x86_64-pc-linux-gnu/bin/../lib/gcc/riscv64-unknown-elf/7.0.1/rv32imac/ilp32/libgcc.a(_divdi3.o)
 .debug_ranges  0x0000000000000000       0xe0 /home/fabiop/RISCV/FreedomStudio/SiFive/riscv64-unknown-elf-gcc-20170503-x86_64-pc-linux-gnu/bin/../lib/gcc/riscv64-unknown-elf/7.0.1/rv32imac/ilp32/libgcc.a(_divdi3.o)
 .debug_line    0x0000000000000000      0x55b /home/fabiop/RISCV/FreedomStudio/SiFive/riscv64-unknown-elf-gcc-20170503-x86_64-pc-linux-gnu/bin/../lib/gcc/riscv64-unknown-elf/7.0.1/rv32imac/ilp32/libgcc.a(_divdi3.o)
 .debug_str     0x0000000000000000      0x854 /home/fabiop/RISCV/FreedomStudio/SiFive/riscv64-unknown-elf-gcc-20170503-x86_64-pc-linux-gnu/bin/../lib/gcc/riscv64-unknown-elf/7.0.1/rv32imac/ilp32/libgcc.a(_divdi3.o)
 .comment       0x0000000000000000       0x28 /home/fabiop/RISCV/FreedomStudio/SiFive/riscv64-unknown-elf-gcc-20170503-x86_64-pc-linux-gnu/bin/../lib/gcc/riscv64-unknown-elf/7.0.1/rv32imac/ilp32/libgcc.a(_divdi3.o)
 .text          0x0000000000000000      0x35e /home/fabiop/RISCV/FreedomStudio/SiFive/riscv64-unknown-elf-gcc-20170503-x86_64-pc-linux-gnu/bin/../lib/gcc/riscv64-unknown-elf/7.0.1/rv32imac/ilp32/libgcc.a(_udivdi3.o)
 .data          0x0000000000000000        0x0 /home/fabiop/RISCV/FreedomStudio/SiFive/riscv64-unknown-elf-gcc-20170503-x86_64-pc-linux-gnu/bin/../lib/gcc/riscv64-unknown-elf/7.0.1/rv32imac/ilp32/libgcc.a(_udivdi3.o)
 .bss           0x0000000000000000        0x0 /home/fabiop/RISCV/FreedomStudio/SiFive/riscv64-unknown-elf-gcc-20170503-x86_64-pc-linux-gnu/bin/../lib/gcc/riscv64-unknown-elf/7.0.1/rv32imac/ilp32/libgcc.a(_udivdi3.o)
 .debug_frame   0x0000000000000000       0x20 /home/fabiop/RISCV/FreedomStudio/SiFive/riscv64-unknown-elf-gcc-20170503-x86_64-pc-linux-gnu/bin/../lib/gcc/riscv64-unknown-elf/7.0.1/rv32imac/ilp32/libgcc.a(_udivdi3.o)
 .eh_frame      0x0000000000000000       0x28 /home/fabiop/RISCV/FreedomStudio/SiFive/riscv64-unknown-elf-gcc-20170503-x86_64-pc-linux-gnu/bin/../lib/gcc/riscv64-unknown-elf/7.0.1/rv32imac/ilp32/libgcc.a(_udivdi3.o)
 .debug_info    0x0000000000000000     0x111f /home/fabiop/RISCV/FreedomStudio/SiFive/riscv64-unknown-elf-gcc-20170503-x86_64-pc-linux-gnu/bin/../lib/gcc/riscv64-unknown-elf/7.0.1/rv32imac/ilp32/libgcc.a(_udivdi3.o)
 .debug_abbrev  0x0000000000000000      0x289 /home/fabiop/RISCV/FreedomStudio/SiFive/riscv64-unknown-elf-gcc-20170503-x86_64-pc-linux-gnu/bin/../lib/gcc/riscv64-unknown-elf/7.0.1/rv32imac/ilp32/libgcc.a(_udivdi3.o)
 .debug_loc     0x0000000000000000      0xba9 /home/fabiop/RISCV/FreedomStudio/SiFive/riscv64-unknown-elf-gcc-20170503-x86_64-pc-linux-gnu/bin/../lib/gcc/riscv64-unknown-elf/7.0.1/rv32imac/ilp32/libgcc.a(_udivdi3.o)
 .debug_aranges
                0x0000000000000000       0x20 /home/fabiop/RISCV/FreedomStudio/SiFive/riscv64-unknown-elf-gcc-20170503-x86_64-pc-linux-gnu/bin/../lib/gcc/riscv64-unknown-elf/7.0.1/rv32imac/ilp32/libgcc.a(_udivdi3.o)
 .debug_ranges  0x0000000000000000       0xf0 /home/fabiop/RISCV/FreedomStudio/SiFive/riscv64-unknown-elf-gcc-20170503-x86_64-pc-linux-gnu/bin/../lib/gcc/riscv64-unknown-elf/7.0.1/rv32imac/ilp32/libgcc.a(_udivdi3.o)
 .debug_line    0x0000000000000000      0x525 /home/fabiop/RISCV/FreedomStudio/SiFive/riscv64-unknown-elf-gcc-20170503-x86_64-pc-linux-gnu/bin/../lib/gcc/riscv64-unknown-elf/7.0.1/rv32imac/ilp32/libgcc.a(_udivdi3.o)
 .debug_str     0x0000000000000000      0x855 /home/fabiop/RISCV/FreedomStudio/SiFive/riscv64-unknown-elf-gcc-20170503-x86_64-pc-linux-gnu/bin/../lib/gcc/riscv64-unknown-elf/7.0.1/rv32imac/ilp32/libgcc.a(_udivdi3.o)
 .comment       0x0000000000000000       0x28 /home/fabiop/RISCV/FreedomStudio/SiFive/riscv64-unknown-elf-gcc-20170503-x86_64-pc-linux-gnu/bin/../lib/gcc/riscv64-unknown-elf/7.0.1/rv32imac/ilp32/libgcc.a(_udivdi3.o)
 .text          0x0000000000000000        0x0 /home/fabiop/RISCV/FreedomStudio/SiFive/riscv64-unknown-elf-gcc-20170503-x86_64-pc-linux-gnu/bin/../lib/gcc/riscv64-unknown-elf/7.0.1/rv32imac/ilp32/libgcc.a(_clz.o)
 .data          0x0000000000000000        0x0 /home/fabiop/RISCV/FreedomStudio/SiFive/riscv64-unknown-elf-gcc-20170503-x86_64-pc-linux-gnu/bin/../lib/gcc/riscv64-unknown-elf/7.0.1/rv32imac/ilp32/libgcc.a(_clz.o)
 .bss           0x0000000000000000        0x0 /home/fabiop/RISCV/FreedomStudio/SiFive/riscv64-unknown-elf-gcc-20170503-x86_64-pc-linux-gnu/bin/../lib/gcc/riscv64-unknown-elf/7.0.1/rv32imac/ilp32/libgcc.a(_clz.o)
 .rodata        0x0000000000000000      0x100 /home/fabiop/RISCV/FreedomStudio/SiFive/riscv64-unknown-elf-gcc-20170503-x86_64-pc-linux-gnu/bin/../lib/gcc/riscv64-unknown-elf/7.0.1/rv32imac/ilp32/libgcc.a(_clz.o)
 .debug_info    0x0000000000000000      0xa92 /home/fabiop/RISCV/FreedomStudio/SiFive/riscv64-unknown-elf-gcc-20170503-x86_64-pc-linux-gnu/bin/../lib/gcc/riscv64-unknown-elf/7.0.1/rv32imac/ilp32/libgcc.a(_clz.o)
 .debug_abbrev  0x0000000000000000      0x1b5 /home/fabiop/RISCV/FreedomStudio/SiFive/riscv64-unknown-elf-gcc-20170503-x86_64-pc-linux-gnu/bin/../lib/gcc/riscv64-unknown-elf/7.0.1/rv32imac/ilp32/libgcc.a(_clz.o)
 .debug_aranges
                0x0000000000000000       0x18 /home/fabiop/RISCV/FreedomStudio/SiFive/riscv64-unknown-elf-gcc-20170503-x86_64-pc-linux-gnu/bin/../lib/gcc/riscv64-unknown-elf/7.0.1/rv32imac/ilp32/libgcc.a(_clz.o)
 .debug_line    0x0000000000000000      0x3ad /home/fabiop/RISCV/FreedomStudio/SiFive/riscv64-unknown-elf-gcc-20170503-x86_64-pc-linux-gnu/bin/../lib/gcc/riscv64-unknown-elf/7.0.1/rv32imac/ilp32/libgcc.a(_clz.o)
 .debug_str     0x0000000000000000      0x79c /home/fabiop/RISCV/FreedomStudio/SiFive/riscv64-unknown-elf-gcc-20170503-x86_64-pc-linux-gnu/bin/../lib/gcc/riscv64-unknown-elf/7.0.1/rv32imac/ilp32/libgcc.a(_clz.o)
 .comment       0x0000000000000000       0x28 /home/fabiop/RISCV/FreedomStudio/SiFive/riscv64-unknown-elf-gcc-20170503-x86_64-pc-linux-gnu/bin/../lib/gcc/riscv64-unknown-elf/7.0.1/rv32imac/ilp32/libgcc.a(_clz.o)
 .data          0x0000000000000000        0x0 /home/fabiop/RISCV/FreedomStudio/SiFive/riscv64-unknown-elf-gcc-20170503-x86_64-pc-linux-gnu/bin/../lib/gcc/riscv64-unknown-elf/7.0.1/../../../../riscv64-unknown-elf/lib/rv32imac/ilp32/libc.a(lib_a-memcpy.o)
 .bss           0x0000000000000000        0x0 /home/fabiop/RISCV/FreedomStudio/SiFive/riscv64-unknown-elf-gcc-20170503-x86_64-pc-linux-gnu/bin/../lib/gcc/riscv64-unknown-elf/7.0.1/../../../../riscv64-unknown-elf/lib/rv32imac/ilp32/libc.a(lib_a-memcpy.o)

Memory Configuration

Name             Origin             Length             Attributes
flash            0x0000000020400000 0x0000000020000000 axrl !w
ram              0x0000000080000000 0x0000000000004000 axw !rl
*default*        0x0000000000000000 0xffffffffffffffff

Linker script and memory map

START GROUP
END GROUP
LOAD ./bsp/env/freedom-e300-hifive1/init.o
LOAD ./bsp/env/entry.o
LOAD ./bsp/env/start.o
LOAD ./bsp/drivers/plic/plic_driver.o
LOAD ./bsp/drivers/fe300prci/fe300prci_driver.o
LOAD ./pwmLedBlinker.o
LOAD /home/fabiop/RISCV/FreedomStudio/SiFive/riscv64-unknown-elf-gcc-20170503-x86_64-pc-linux-gnu/bin/../lib/gcc/riscv64-unknown-elf/7.0.1/../../../../riscv64-unknown-elf/lib/rv32imac/ilp32/libc.a
LOAD ..//libwrap-hifive1.a
LOAD /home/fabiop/RISCV/FreedomStudio/SiFive/riscv64-unknown-elf-gcc-20170503-x86_64-pc-linux-gnu/bin/../lib/gcc/riscv64-unknown-elf/7.0.1/rv32imac/ilp32/libgcc.a
START GROUP
LOAD /home/fabiop/RISCV/FreedomStudio/SiFive/riscv64-unknown-elf-gcc-20170503-x86_64-pc-linux-gnu/bin/../lib/gcc/riscv64-unknown-elf/7.0.1/../../../../riscv64-unknown-elf/lib/rv32imac/ilp32/libc.a
LOAD /home/fabiop/RISCV/FreedomStudio/SiFive/riscv64-unknown-elf-gcc-20170503-x86_64-pc-linux-gnu/bin/../lib/gcc/riscv64-unknown-elf/7.0.1/../../../../riscv64-unknown-elf/lib/rv32imac/ilp32/libgloss.a
END GROUP
LOAD /home/fabiop/RISCV/FreedomStudio/SiFive/riscv64-unknown-elf-gcc-20170503-x86_64-pc-linux-gnu/bin/../lib/gcc/riscv64-unknown-elf/7.0.1/rv32imac/ilp32/libgcc.a
                0x0000000000000800                __stack_size = DEFINED (__stack_size)?__stack_size:0x800

.init           0x0000000020400000       0x72
 *(SORT(.init))
 .init          0x0000000020400000       0x72 ./bsp/env/start.o
                0x0000000020400000                _start

.text           0x0000000020400074      0xa4e
 *(.text.unlikely .text.unlikely.*)
 *(.text.startup .text.startup.*)
 .text.startup.main
                0x0000000020400074        0x8 ./pwmLedBlinker.o
                0x0000000020400074                main
 *(.text .text.*)
 .text.measure_cpu_freq
                0x000000002040007c       0x3c ./bsp/env/freedom-e300-hifive1/init.o
 .text.handle_trap
                0x00000000204000b8       0x4e ./bsp/env/freedom-e300-hifive1/init.o
                0x00000000204000b8                handle_trap
 .text._init    0x0000000020400106      0x120 ./bsp/env/freedom-e300-hifive1/init.o
                0x0000000020400106                _init
 .text._fini    0x0000000020400226        0x2 ./bsp/env/freedom-e300-hifive1/init.o
                0x0000000020400226                _fini
 .text.entry    0x0000000020400228       0xa4 ./bsp/env/entry.o
                0x0000000020400228                trap_entry
 .text.PLIC_init
                0x00000000204002cc       0x56 ./bsp/drivers/plic/plic_driver.o
                0x00000000204002cc                PLIC_init
 .text.PLIC_enable_interrupt
                0x0000000020400322       0x2c ./bsp/drivers/plic/plic_driver.o
                0x0000000020400322                PLIC_enable_interrupt
 .text.PLIC_set_priority
                0x000000002040034e        0xe ./bsp/drivers/plic/plic_driver.o
                0x000000002040034e                PLIC_set_priority
 .text.PLIC_claim_interrupt
                0x000000002040035c       0x16 ./bsp/drivers/plic/plic_driver.o
                0x000000002040035c                PLIC_claim_interrupt
 .text.PLIC_complete_interrupt
                0x0000000020400372       0x16 ./bsp/drivers/plic/plic_driver.o
                0x0000000020400372                PLIC_complete_interrupt
 .text.PRCI_use_pll
                0x0000000020400388      0x12c ./bsp/drivers/fe300prci/fe300prci_driver.o
                0x0000000020400388                PRCI_use_pll
 .text.no_interrupt_handler
                0x00000000204004b4        0x2 ./pwmLedBlinker.o
                0x00000000204004b4                no_interrupt_handler
 .text.pwm1cmp0Handler
                0x00000000204004b6       0xa0 ./pwmLedBlinker.o
                0x00000000204004b6                pwm1cmp0Handler
 .text.handle_m_ext_interrupt
                0x0000000020400556       0x46 ./pwmLedBlinker.o
                0x0000000020400556                handle_m_ext_interrupt
 .text.handle_m_time_interrupt
                0x000000002040059c        0x2 ./pwmLedBlinker.o
                0x000000002040059c                handle_m_time_interrupt
 .text.boardInit
                0x000000002040059e       0xba ./pwmLedBlinker.o
                0x000000002040059e                boardInit
 .text          0x0000000020400658        0xa /home/fabiop/RISCV/FreedomStudio/SiFive/riscv64-unknown-elf-gcc-20170503-x86_64-pc-linux-gnu/bin/../lib/gcc/riscv64-unknown-elf/7.0.1/../../../../riscv64-unknown-elf/lib/rv32imac/ilp32/libc.a(lib_a-atexit.o)
                0x0000000020400658                atexit
 .text          0x0000000020400662       0x1e /home/fabiop/RISCV/FreedomStudio/SiFive/riscv64-unknown-elf-gcc-20170503-x86_64-pc-linux-gnu/bin/../lib/gcc/riscv64-unknown-elf/7.0.1/../../../../riscv64-unknown-elf/lib/rv32imac/ilp32/libc.a(lib_a-exit.o)
                0x0000000020400662                exit
 .text          0x0000000020400680       0x4a /home/fabiop/RISCV/FreedomStudio/SiFive/riscv64-unknown-elf-gcc-20170503-x86_64-pc-linux-gnu/bin/../lib/gcc/riscv64-unknown-elf/7.0.1/../../../../riscv64-unknown-elf/lib/rv32imac/ilp32/libc.a(lib_a-fini.o)
                0x0000000020400680                __libc_fini_array
 .text          0x00000000204006ca       0x60 /home/fabiop/RISCV/FreedomStudio/SiFive/riscv64-unknown-elf-gcc-20170503-x86_64-pc-linux-gnu/bin/../lib/gcc/riscv64-unknown-elf/7.0.1/../../../../riscv64-unknown-elf/lib/rv32imac/ilp32/libc.a(lib_a-init.o)
                0x00000000204006ca                __libc_init_array
 .text          0x000000002040072a       0x64 /home/fabiop/RISCV/FreedomStudio/SiFive/riscv64-unknown-elf-gcc-20170503-x86_64-pc-linux-gnu/bin/../lib/gcc/riscv64-unknown-elf/7.0.1/../../../../riscv64-unknown-elf/lib/rv32imac/ilp32/libc.a(lib_a-__atexit.o)
                0x000000002040072a                __register_exitproc
 .text          0x000000002040078e       0xae /home/fabiop/RISCV/FreedomStudio/SiFive/riscv64-unknown-elf-gcc-20170503-x86_64-pc-linux-gnu/bin/../lib/gcc/riscv64-unknown-elf/7.0.1/../../../../riscv64-unknown-elf/lib/rv32imac/ilp32/libc.a(lib_a-__call_atexit.o)
                0x000000002040078e                __call_exitprocs
 .text.__wrap__exit
                0x000000002040083c       0x46 ..//libwrap-hifive1.a(_exit.o)
                0x000000002040083c                __wrap__exit
 .text._stub    0x0000000020400882       0x14 ..//libwrap-hifive1.a(write.o)
 .text.__wrap_write
                0x0000000020400896       0xa0 ..//libwrap-hifive1.a(write.o)
                0x0000000020400896                __wrap_write
 .text.write_hex
                0x0000000020400936       0xa2 ..//libwrap-hifive1.a(write_hex.o)
                0x0000000020400936                write_hex
 .text.__wrap_isatty
                0x00000000204009d8       0x2c ..//libwrap-hifive1.a(isatty.o)
                0x00000000204009d8                __wrap_isatty
 .text          0x0000000020400a04       0xbe /home/fabiop/RISCV/FreedomStudio/SiFive/riscv64-unknown-elf-gcc-20170503-x86_64-pc-linux-gnu/bin/../lib/gcc/riscv64-unknown-elf/7.0.1/../../../../riscv64-unknown-elf/lib/rv32imac/ilp32/libc.a(lib_a-memcpy.o)
                0x0000000020400a04                memcpy
 *(.gnu.linkonce.t.*)

.fini
 *(SORT(.fini))
                [!provide]                        PROVIDE (__etext, .)
                [!provide]                        PROVIDE (_etext, .)
                [!provide]                        PROVIDE (etext, .)

.rodata         0x0000000020400ac4       0x33
 *(.rdata)
 *(.rodata .rodata.*)
 .rodata.handle_trap.str1.4
                0x0000000020400ac4        0x6 ./bsp/env/freedom-e300-hifive1/init.o
 *fill*         0x0000000020400aca        0x2 
 .rodata.str1.4
                0x0000000020400acc        0x4 /home/fabiop/RISCV/FreedomStudio/SiFive/riscv64-unknown-elf-gcc-20170503-x86_64-pc-linux-gnu/bin/../lib/gcc/riscv64-unknown-elf/7.0.1/../../../../riscv64-unknown-elf/lib/rv32imac/ilp32/libc.a(lib_a-impure.o)
                                          0x2 (size before relaxing)
 .rodata        0x0000000020400ad0       0x22 ..//libwrap-hifive1.a(_exit.o)
 *fill*         0x0000000020400af2        0x2 
 .rodata        0x0000000020400af4        0x3 ..//libwrap-hifive1.a(write_hex.o)
 *(.gnu.linkonce.r.*)

.rela.dyn       0x0000000020400af8        0x0
 .rela.text.handle_trap
                0x0000000020400af8        0x0 ./bsp/env/freedom-e300-hifive1/init.o
 .rela.text._init
                0x0000000020400af8        0x0 ./bsp/env/freedom-e300-hifive1/init.o
 .rela.init     0x0000000020400af8        0x0 ./bsp/env/freedom-e300-hifive1/init.o
 .rela.text.PRCI_measure_mcycle_freq
                0x0000000020400af8        0x0 ./bsp/env/freedom-e300-hifive1/init.o
 .rela.text.PRCI_set_hfrosctrim_for_f_cpu
                0x0000000020400af8        0x0 ./bsp/env/freedom-e300-hifive1/init.o
 .rela.text.handle_m_ext_interrupt
                0x0000000020400af8        0x0 ./bsp/env/freedom-e300-hifive1/init.o
 .rela.text.boardInit
                0x0000000020400af8        0x0 ./bsp/env/freedom-e300-hifive1/init.o
 .rela.text     0x0000000020400af8        0x0 ./bsp/env/freedom-e300-hifive1/init.o
 .rela.text.__wrap__exit
                0x0000000020400af8        0x0 ./bsp/env/freedom-e300-hifive1/init.o
 .rela.text.__wrap_write
                0x0000000020400af8        0x0 ./bsp/env/freedom-e300-hifive1/init.o
                0x0000000020400af8                . = ALIGN (0x4)

.preinit_array  0x0000000020400af7        0x0
                0x0000000020400af7                PROVIDE (__preinit_array_start, .)
 *(.preinit_array)
                0x0000000020400af7                PROVIDE (__preinit_array_end, .)

.init_array     0x0000000020400af7        0x0
                0x0000000020400af7                PROVIDE (__init_array_start, .)
 *(SORT(.init_array.*) SORT(.ctors.*))
 *(.init_array EXCLUDE_FILE(*crtend?.o *crtend.o *crtbegin?.o *crtbegin.o) .ctors)
                0x0000000020400af7                PROVIDE (__init_array_end, .)

.fini_array     0x0000000020400af7        0x0
                0x0000000020400af7                PROVIDE (__fini_array_start, .)
 *(SORT(.fini_array.*) SORT(.dtors.*))
 *(.fini_array EXCLUDE_FILE(*crtend?.o *crtend.o *crtbegin?.o *crtbegin.o) .dtors)
                0x0000000020400af7                PROVIDE (__fini_array_end, .)

.ctors
 *crtbegin.o(.ctors)
 *crtbegin?.o(.ctors)
 *(EXCLUDE_FILE(*crtend?.o *crtend.o) .ctors)
 *(SORT(.ctors.*))
 *(.ctors)

.dtors
 *crtbegin.o(.dtors)
 *crtbegin?.o(.dtors)
 *(EXCLUDE_FILE(*crtend?.o *crtend.o) .dtors)
 *(SORT(.dtors.*))
 *(.dtors)

.lalign         0x0000000020400af7        0x1
                0x0000000020400af8                . = ALIGN (0x4)
 *fill*         0x0000000020400af7        0x1 
                0x0000000020400af8                PROVIDE (_data_lma, .)

.dalign         0x0000000080000000        0x0 load address 0x0000000020400af8
                0x0000000080000000                . = ALIGN (0x4)
                0x0000000080000000                PROVIDE (_data, .)

.data           0x0000000080000000      0x428 load address 0x0000000020400af8
 *(.data .data.*)
 .data          0x0000000080000000      0x428 /home/fabiop/RISCV/FreedomStudio/SiFive/riscv64-unknown-elf-gcc-20170503-x86_64-pc-linux-gnu/bin/../lib/gcc/riscv64-unknown-elf/7.0.1/../../../../riscv64-unknown-elf/lib/rv32imac/ilp32/libc.a(lib_a-impure.o)
 *(.gnu.linkonce.d.*)

.srodata        0x0000000080000428        0x0 load address 0x0000000020400f20
                0x0000000080000c28                PROVIDE (_gp, (. + 0x800))
 *(.srodata.cst16)
 *(.srodata.cst8)
 *(.srodata.cst4)
 *(.srodata.cst2)
 *(.srodata .srodata.*)

.sdata          0x0000000080000428        0x8 load address 0x0000000020400f20
 *(.sdata .sdata.*)
 .sdata         0x0000000080000428        0x8 /home/fabiop/RISCV/FreedomStudio/SiFive/riscv64-unknown-elf-gcc-20170503-x86_64-pc-linux-gnu/bin/../lib/gcc/riscv64-unknown-elf/7.0.1/../../../../riscv64-unknown-elf/lib/rv32imac/ilp32/libc.a(lib_a-impure.o)
                0x0000000080000428                _global_impure_ptr
                0x000000008000042c                _impure_ptr
 *(.gnu.linkonce.s.*)
                0x0000000080000430                . = ALIGN (0x4)
                0x0000000080000430                PROVIDE (_edata, .)
                [!provide]                        PROVIDE (edata, .)
                [!provide]                        PROVIDE (_fbss, .)
                0x0000000080000430                PROVIDE (__bss_start, .)

.bss            0x0000000080000430       0xe4
 *(.sbss*)
 .sbss.cpu_freq.2719
                0x0000000080000430        0x4 ./bsp/env/freedom-e300-hifive1/init.o
 .sbss.direction.3385
                0x0000000080000434        0x1 ./pwmLedBlinker.o
 *fill*         0x0000000080000435        0x1 
 .sbss.timer.3386
                0x0000000080000436        0x2 ./pwmLedBlinker.o
 *(.gnu.linkonce.sb.*)
 *(.bss .bss.*)
 *(.gnu.linkonce.b.*)
 *(COMMON)
 COMMON         0x0000000080000438       0xdc ./pwmLedBlinker.o
                0x0000000080000438                g_ext_interrupt_handlers
                0x0000000080000508                g_plic
                0x0000000080000514                . = ALIGN (0x4)
                0x0000000080000518                . = ALIGN (0x8)
                0x0000000080000518                PROVIDE (_end, .)
                [!provide]                        PROVIDE (end, .)

.stack          0x0000000080003800      0x800 load address 0x0000000080000514
                [!provide]                        PROVIDE (_heap_end, .)
                0x0000000000000800                . = __stack_size
 *fill*         0x0000000080003800      0x800 
                0x0000000080004000                PROVIDE (_sp, .)
OUTPUT(pwmLedBlinker.elf elf32-littleriscv)

.debug_frame    0x0000000000000000      0x4c4
 .debug_frame   0x0000000000000000      0x100 ./bsp/env/freedom-e300-hifive1/init.o
 .debug_frame   0x0000000000000100       0x90 ./bsp/drivers/plic/plic_driver.o
 .debug_frame   0x0000000000000190      0x110 ./bsp/drivers/fe300prci/fe300prci_driver.o
 .debug_frame   0x00000000000002a0       0xdc ./pwmLedBlinker.o
 .debug_frame   0x000000000000037c       0x38 ..//libwrap-hifive1.a(_exit.o)
 .debug_frame   0x00000000000003b4       0x80 ..//libwrap-hifive1.a(write.o)
 .debug_frame   0x0000000000000434       0x4c ..//libwrap-hifive1.a(write_hex.o)
 .debug_frame   0x0000000000000480       0x44 ..//libwrap-hifive1.a(isatty.o)

.debug_info     0x0000000000000000     0x466a
 .debug_info    0x0000000000000000      0xe79 ./bsp/env/freedom-e300-hifive1/init.o
 .debug_info    0x0000000000000e79       0x6e ./bsp/env/entry.o
 .debug_info    0x0000000000000ee7       0x6e ./bsp/env/start.o
 .debug_info    0x0000000000000f55      0xdf1 ./bsp/drivers/plic/plic_driver.o
 .debug_info    0x0000000000001d46      0xd6a ./bsp/drivers/fe300prci/fe300prci_driver.o
 .debug_info    0x0000000000002ab0      0xd49 ./pwmLedBlinker.o
 .debug_info    0x00000000000037f9      0x12d ..//libwrap-hifive1.a(_exit.o)
 .debug_info    0x0000000000003926      0xadc ..//libwrap-hifive1.a(write.o)
 .debug_info    0x0000000000004402      0x164 ..//libwrap-hifive1.a(write_hex.o)
 .debug_info    0x0000000000004566      0x104 ..//libwrap-hifive1.a(isatty.o)

.debug_abbrev   0x0000000000000000      0xea1
 .debug_abbrev  0x0000000000000000      0x3b9 ./bsp/env/freedom-e300-hifive1/init.o
 .debug_abbrev  0x00000000000003b9       0x14 ./bsp/env/entry.o
 .debug_abbrev  0x00000000000003cd       0x14 ./bsp/env/start.o
 .debug_abbrev  0x00000000000003e1      0x273 ./bsp/drivers/plic/plic_driver.o
 .debug_abbrev  0x0000000000000654      0x225 ./bsp/drivers/fe300prci/fe300prci_driver.o
 .debug_abbrev  0x0000000000000879      0x297 ./pwmLedBlinker.o
 .debug_abbrev  0x0000000000000b10       0x9a ..//libwrap-hifive1.a(_exit.o)
 .debug_abbrev  0x0000000000000baa      0x1e1 ..//libwrap-hifive1.a(write.o)
 .debug_abbrev  0x0000000000000d8b       0xa4 ..//libwrap-hifive1.a(write_hex.o)
 .debug_abbrev  0x0000000000000e2f       0x72 ..//libwrap-hifive1.a(isatty.o)

.debug_loc      0x0000000000000000     0x124e
 .debug_loc     0x0000000000000000      0x248 ./bsp/env/freedom-e300-hifive1/init.o
 .debug_loc     0x0000000000000248      0x1f6 ./bsp/drivers/plic/plic_driver.o
 .debug_loc     0x000000000000043e      0xbca ./bsp/drivers/fe300prci/fe300prci_driver.o
 .debug_loc     0x0000000000001008      0x139 ./pwmLedBlinker.o
 .debug_loc     0x0000000000001141       0x2d ..//libwrap-hifive1.a(_exit.o)
 .debug_loc     0x000000000000116e       0x70 ..//libwrap-hifive1.a(write.o)
 .debug_loc     0x00000000000011de       0x38 ..//libwrap-hifive1.a(write_hex.o)
 .debug_loc     0x0000000000001216       0x38 ..//libwrap-hifive1.a(isatty.o)

.debug_aranges  0x0000000000000000      0x200
 .debug_aranges
                0x0000000000000000       0x50 ./bsp/env/freedom-e300-hifive1/init.o
 .debug_aranges
                0x0000000000000050       0x20 ./bsp/env/entry.o
 .debug_aranges
                0x0000000000000070       0x20 ./bsp/env/start.o
 .debug_aranges
                0x0000000000000090       0x58 ./bsp/drivers/plic/plic_driver.o
 .debug_aranges
                0x00000000000000e8       0x48 ./bsp/drivers/fe300prci/fe300prci_driver.o
 .debug_aranges
                0x0000000000000130       0x48 ./pwmLedBlinker.o
 .debug_aranges
                0x0000000000000178       0x20 ..//libwrap-hifive1.a(_exit.o)
 .debug_aranges
                0x0000000000000198       0x28 ..//libwrap-hifive1.a(write.o)
 .debug_aranges
                0x00000000000001c0       0x20 ..//libwrap-hifive1.a(write_hex.o)
 .debug_aranges
                0x00000000000001e0       0x20 ..//libwrap-hifive1.a(isatty.o)

.debug_ranges   0x0000000000000000      0x280
 .debug_ranges  0x0000000000000000       0xc0 ./bsp/env/freedom-e300-hifive1/init.o
 .debug_ranges  0x00000000000000c0       0x60 ./bsp/drivers/plic/plic_driver.o
 .debug_ranges  0x0000000000000120       0xc8 ./bsp/drivers/fe300prci/fe300prci_driver.o
 .debug_ranges  0x00000000000001e8       0x50 ./pwmLedBlinker.o
 .debug_ranges  0x0000000000000238       0x10 ..//libwrap-hifive1.a(_exit.o)
 .debug_ranges  0x0000000000000248       0x18 ..//libwrap-hifive1.a(write.o)
 .debug_ranges  0x0000000000000260       0x10 ..//libwrap-hifive1.a(write_hex.o)
 .debug_ranges  0x0000000000000270       0x10 ..//libwrap-hifive1.a(isatty.o)

.debug_macro    0x0000000000000000     0x59aa
 .debug_macro   0x0000000000000000      0x222 ./bsp/env/freedom-e300-hifive1/init.o
 .debug_macro   0x0000000000000222      0x760 ./bsp/env/freedom-e300-hifive1/init.o
 .debug_macro   0x0000000000000982       0x22 ./bsp/env/freedom-e300-hifive1/init.o
 .debug_macro   0x00000000000009a4       0x87 ./bsp/env/freedom-e300-hifive1/init.o
 .debug_macro   0x0000000000000a2b       0x44 ./bsp/env/freedom-e300-hifive1/init.o
 .debug_macro   0x0000000000000a6f      0x174 ./bsp/env/freedom-e300-hifive1/init.o
 .debug_macro   0x0000000000000be3      0x30d ./bsp/env/freedom-e300-hifive1/init.o
 .debug_macro   0x0000000000000ef0       0xfd ./bsp/env/freedom-e300-hifive1/init.o
 .debug_macro   0x0000000000000fed       0x22 ./bsp/env/freedom-e300-hifive1/init.o
 .debug_macro   0x000000000000100f      0x1df ./bsp/env/freedom-e300-hifive1/init.o
 .debug_macro   0x00000000000011ee       0x4c ./bsp/env/freedom-e300-hifive1/init.o
 .debug_macro   0x000000000000123a       0x34 ./bsp/env/freedom-e300-hifive1/init.o
 .debug_macro   0x000000000000126e       0x9c ./bsp/env/freedom-e300-hifive1/init.o
 .debug_macro   0x000000000000130a       0x16 ./bsp/env/freedom-e300-hifive1/init.o
 .debug_macro   0x0000000000001320       0x35 ./bsp/env/freedom-e300-hifive1/init.o
 .debug_macro   0x0000000000001355       0x10 ./bsp/env/freedom-e300-hifive1/init.o
 .debug_macro   0x0000000000001365       0x40 ./bsp/env/freedom-e300-hifive1/init.o
 .debug_macro   0x00000000000013a5       0x52 ./bsp/env/freedom-e300-hifive1/init.o
 .debug_macro   0x00000000000013f7       0x43 ./bsp/env/freedom-e300-hifive1/init.o
 .debug_macro   0x000000000000143a      0x187 ./bsp/env/freedom-e300-hifive1/init.o
 .debug_macro   0x00000000000015c1       0x22 ./bsp/env/freedom-e300-hifive1/init.o
 .debug_macro   0x00000000000015e3       0x34 ./bsp/env/freedom-e300-hifive1/init.o
 .debug_macro   0x0000000000001617       0x10 ./bsp/env/freedom-e300-hifive1/init.o
 .debug_macro   0x0000000000001627       0x40 ./bsp/env/freedom-e300-hifive1/init.o
 .debug_macro   0x0000000000001667       0x6c ./bsp/env/freedom-e300-hifive1/init.o
 .debug_macro   0x00000000000016d3       0x16 ./bsp/env/freedom-e300-hifive1/init.o
 .debug_macro   0x00000000000016e9      0x182 ./bsp/env/freedom-e300-hifive1/init.o
 .debug_macro   0x000000000000186b       0x16 ./bsp/env/freedom-e300-hifive1/init.o
 .debug_macro   0x0000000000001881      0x513 ./bsp/env/freedom-e300-hifive1/init.o
 .debug_macro   0x0000000000001d94       0x16 ./bsp/env/freedom-e300-hifive1/init.o
 .debug_macro   0x0000000000001daa       0x22 ./bsp/env/freedom-e300-hifive1/init.o
 .debug_macro   0x0000000000001dcc      0x1a2 ./bsp/env/freedom-e300-hifive1/init.o
 .debug_macro   0x0000000000001f6e       0x2e ./bsp/env/freedom-e300-hifive1/init.o
 .debug_macro   0x0000000000001f9c       0x70 ./bsp/env/freedom-e300-hifive1/init.o
 .debug_macro   0x000000000000200c       0x5e ./bsp/env/freedom-e300-hifive1/init.o
 .debug_macro   0x000000000000206a       0x5e ./bsp/env/freedom-e300-hifive1/init.o
 .debug_macro   0x00000000000020c8       0xe2 ./bsp/env/freedom-e300-hifive1/init.o
 .debug_macro   0x00000000000021aa       0xa0 ./bsp/env/freedom-e300-hifive1/init.o
 .debug_macro   0x000000000000224a      0x130 ./bsp/env/freedom-e300-hifive1/init.o
 .debug_macro   0x000000000000237a       0x58 ./bsp/env/freedom-e300-hifive1/init.o
 .debug_macro   0x00000000000023d2      0x1f0 ./bsp/env/freedom-e300-hifive1/init.o
 .debug_macro   0x00000000000025c2       0xd0 ./bsp/env/freedom-e300-hifive1/init.o
 .debug_macro   0x0000000000002692     0x1584 ./bsp/env/freedom-e300-hifive1/init.o
 .debug_macro   0x0000000000003c16      0x1a1 ./bsp/drivers/plic/plic_driver.o
 .debug_macro   0x0000000000003db7       0x58 ./bsp/drivers/plic/plic_driver.o
 .debug_macro   0x0000000000003e0f      0x1de ./bsp/drivers/plic/plic_driver.o
 .debug_macro   0x0000000000003fed       0x16 ./bsp/drivers/plic/plic_driver.o
 .debug_macro   0x0000000000004003       0x10 ./bsp/drivers/plic/plic_driver.o
 .debug_macro   0x0000000000004013      0x1dd ./bsp/drivers/fe300prci/fe300prci_driver.o
 .debug_macro   0x00000000000041f0       0x10 ./bsp/drivers/fe300prci/fe300prci_driver.o
 .debug_macro   0x0000000000004200      0x2b0 ./pwmLedBlinker.o
 .debug_macro   0x00000000000044b0       0x16 ./pwmLedBlinker.o
 .debug_macro   0x00000000000044c6       0x16 ./pwmLedBlinker.o
 .debug_macro   0x00000000000044dc       0x29 ./pwmLedBlinker.o
 .debug_macro   0x0000000000004505       0x16 ./pwmLedBlinker.o
 .debug_macro   0x000000000000451b      0x118 ./pwmLedBlinker.o
 .debug_macro   0x0000000000004633       0x4c ./pwmLedBlinker.o
 .debug_macro   0x000000000000467f      0x1cc ..//libwrap-hifive1.a(_exit.o)
 .debug_macro   0x000000000000484b      0x754 ..//libwrap-hifive1.a(_exit.o)
 .debug_macro   0x0000000000004f9f       0x46 ..//libwrap-hifive1.a(_exit.o)
 .debug_macro   0x0000000000004fe5       0x8d ..//libwrap-hifive1.a(_exit.o)
 .debug_macro   0x0000000000005072       0x4a ..//libwrap-hifive1.a(_exit.o)
 .debug_macro   0x00000000000050bc       0xcf ..//libwrap-hifive1.a(_exit.o)
 .debug_macro   0x000000000000518b       0x19 ..//libwrap-hifive1.a(_exit.o)
 .debug_macro   0x00000000000051a4       0xbe ..//libwrap-hifive1.a(_exit.o)
 .debug_macro   0x0000000000005262      0x1fc ..//libwrap-hifive1.a(write.o)
 .debug_macro   0x000000000000545e       0x10 ..//libwrap-hifive1.a(write.o)
 .debug_macro   0x000000000000546e      0x23b ..//libwrap-hifive1.a(write.o)
 .debug_macro   0x00000000000056a9      0x1cd ..//libwrap-hifive1.a(write_hex.o)
 .debug_macro   0x0000000000005876      0x134 ..//libwrap-hifive1.a(isatty.o)

.debug_line     0x0000000000000000     0x3a18
 .debug_line    0x0000000000000000      0x75e ./bsp/env/freedom-e300-hifive1/init.o
 .debug_line    0x000000000000075e      0x1f3 ./bsp/env/entry.o
 .debug_line    0x0000000000000951       0xd9 ./bsp/env/start.o
 .debug_line    0x0000000000000a2a      0x740 ./bsp/drivers/plic/plic_driver.o
 .debug_line    0x000000000000116a      0xc37 ./bsp/drivers/fe300prci/fe300prci_driver.o
 .debug_line    0x0000000000001da1      0x89f ./pwmLedBlinker.o
 .debug_line    0x0000000000002640      0x507 ..//libwrap-hifive1.a(_exit.o)
 .debug_line    0x0000000000002b47      0x59e ..//libwrap-hifive1.a(write.o)
 .debug_line    0x00000000000030e5      0x54e ..//libwrap-hifive1.a(write_hex.o)
 .debug_line    0x0000000000003633      0x3e5 ..//libwrap-hifive1.a(isatty.o)

.debug_str      0x0000000000000000    0x10601
 .debug_str     0x0000000000000000     0xe86a ./bsp/env/freedom-e300-hifive1/init.o
                                       0xeb0f (size before relaxing)
 .debug_str     0x000000000000e86a      0x19c ./bsp/drivers/plic/plic_driver.o
                                       0xcd0d (size before relaxing)
 .debug_str     0x000000000000ea06      0x275 ./bsp/drivers/fe300prci/fe300prci_driver.o
                                       0x8dde (size before relaxing)
 .debug_str     0x000000000000ec7b     0x1295 ./pwmLedBlinker.o
                                       0xfd70 (size before relaxing)
 .debug_str     0x000000000000ff10      0x15a ..//libwrap-hifive1.a(_exit.o)
                                       0x8b07 (size before relaxing)
 .debug_str     0x000000000001006a      0x4e7 ..//libwrap-hifive1.a(write.o)
                                       0x9ff4 (size before relaxing)
 .debug_str     0x0000000000010551       0x5f ..//libwrap-hifive1.a(write_hex.o)
                                       0x8b1c (size before relaxing)
 .debug_str     0x00000000000105b0       0x51 ..//libwrap-hifive1.a(isatty.o)
                                       0x5dea (size before relaxing)

.comment        0x0000000000000000       0x38
 .comment       0x0000000000000000       0x27 ./bsp/env/freedom-e300-hifive1/init.o
                                         0x28 (size before relaxing)
 .comment       0x0000000000000027       0x28 ./bsp/drivers/plic/plic_driver.o
 .comment       0x0000000000000027       0x28 ./bsp/drivers/fe300prci/fe300prci_driver.o
 .comment       0x0000000000000027       0x28 ./pwmLedBlinker.o
 .comment       0x0000000000000027       0x28 /home/fabiop/RISCV/FreedomStudio/SiFive/riscv64-unknown-elf-gcc-20170503-x86_64-pc-linux-gnu/bin/../lib/gcc/riscv64-unknown-elf/7.0.1/../../../../riscv64-unknown-elf/lib/rv32imac/ilp32/libc.a(lib_a-atexit.o)
 .comment       0x0000000000000027       0x28 /home/fabiop/RISCV/FreedomStudio/SiFive/riscv64-unknown-elf-gcc-20170503-x86_64-pc-linux-gnu/bin/../lib/gcc/riscv64-unknown-elf/7.0.1/../../../../riscv64-unknown-elf/lib/rv32imac/ilp32/libc.a(lib_a-exit.o)
 .comment       0x0000000000000027       0x28 /home/fabiop/RISCV/FreedomStudio/SiFive/riscv64-unknown-elf-gcc-20170503-x86_64-pc-linux-gnu/bin/../lib/gcc/riscv64-unknown-elf/7.0.1/../../../../riscv64-unknown-elf/lib/rv32imac/ilp32/libc.a(lib_a-fini.o)
 .comment       0x0000000000000027       0x28 /home/fabiop/RISCV/FreedomStudio/SiFive/riscv64-unknown-elf-gcc-20170503-x86_64-pc-linux-gnu/bin/../lib/gcc/riscv64-unknown-elf/7.0.1/../../../../riscv64-unknown-elf/lib/rv32imac/ilp32/libc.a(lib_a-impure.o)
 .comment       0x0000000000000027       0x28 /home/fabiop/RISCV/FreedomStudio/SiFive/riscv64-unknown-elf-gcc-20170503-x86_64-pc-linux-gnu/bin/../lib/gcc/riscv64-unknown-elf/7.0.1/../../../../riscv64-unknown-elf/lib/rv32imac/ilp32/libc.a(lib_a-init.o)
 .comment       0x0000000000000027       0x28 /home/fabiop/RISCV/FreedomStudio/SiFive/riscv64-unknown-elf-gcc-20170503-x86_64-pc-linux-gnu/bin/../lib/gcc/riscv64-unknown-elf/7.0.1/../../../../riscv64-unknown-elf/lib/rv32imac/ilp32/libc.a(lib_a-__atexit.o)
 .comment       0x0000000000000027       0x28 /home/fabiop/RISCV/FreedomStudio/SiFive/riscv64-unknown-elf-gcc-20170503-x86_64-pc-linux-gnu/bin/../lib/gcc/riscv64-unknown-elf/7.0.1/../../../../riscv64-unknown-elf/lib/rv32imac/ilp32/libc.a(lib_a-__call_atexit.o)
 .comment       0x0000000000000027       0x11 ..//libwrap-hifive1.a(_exit.o)
                                         0x12 (size before relaxing)
 .comment       0x0000000000000038       0x12 ..//libwrap-hifive1.a(write.o)
 .comment       0x0000000000000038       0x12 ..//libwrap-hifive1.a(write_hex.o)
 .comment       0x0000000000000038       0x12 ..//libwrap-hifive1.a(isatty.o)
 .comment       0x0000000000000038       0x28 /home/fabiop/RISCV/FreedomStudio/SiFive/riscv64-unknown-elf-gcc-20170503-x86_64-pc-linux-gnu/bin/../lib/gcc/riscv64-unknown-elf/7.0.1/../../../../riscv64-unknown-elf/lib/rv32imac/ilp32/libc.a(lib_a-memcpy.o)
